Archive member included because of file (symbol)

/home/salem/.arduino15/packages/arduino/hardware/sam/1.6.12/variants/arduino_due_x/libsam_sam3x8e_gcc_rel.a(pio.o)
                              /home/salem/catkin_ws/src/interactive_mcu/build/libraries/Wire/Wire.cpp.o (PIO_Configure)
/home/salem/.arduino15/packages/arduino/hardware/sam/1.6.12/variants/arduino_due_x/libsam_sam3x8e_gcc_rel.a(pmc.o)
                              /home/salem/catkin_ws/src/interactive_mcu/build/libraries/Adafruit_NeoPixel-master/Adafruit_NeoPixel.cpp.o (pmc_enable_periph_clk)
/home/salem/.arduino15/packages/arduino/hardware/sam/1.6.12/variants/arduino_due_x/libsam_sam3x8e_gcc_rel.a(tc.o)
                              /home/salem/catkin_ws/src/interactive_mcu/build/libraries/Adafruit_NeoPixel-master/Adafruit_NeoPixel.cpp.o (TC_Configure)
/home/salem/.arduino15/packages/arduino/hardware/sam/1.6.12/variants/arduino_due_x/libsam_sam3x8e_gcc_rel.a(twi.o)
                              /home/salem/catkin_ws/src/interactive_mcu/build/libraries/Wire/Wire.cpp.o (TWI_SetClock)
/home/salem/.arduino15/packages/arduino/hardware/sam/1.6.12/variants/arduino_due_x/libsam_sam3x8e_gcc_rel.a(system_sam3xa.o)
                              /home/salem/catkin_ws/src/interactive_mcu/build/core/variant.cpp.o (SystemInit)
/home/salem/.arduino15/packages/arduino/hardware/sam/1.6.12/variants/arduino_due_x/libsam_sam3x8e_gcc_rel.a(startup_sam3xa.o)
                              (Reset_Handler)
/home/salem/.arduino15/packages/arduino/hardware/sam/1.6.12/variants/arduino_due_x/libsam_sam3x8e_gcc_rel.a(adc.o)
                              /home/salem/catkin_ws/src/interactive_mcu/build/core/variant.cpp.o (adc_init)
/home/salem/.arduino15/packages/arduino/hardware/sam/1.6.12/variants/arduino_due_x/libsam_sam3x8e_gcc_rel.a(uotghs.o)
                              /home/salem/.arduino15/packages/arduino/hardware/sam/1.6.12/variants/arduino_due_x/libsam_sam3x8e_gcc_rel.a(startup_sam3xa.o) (UOTGHS_Handler)
/home/salem/catkin_ws/src/interactive_mcu/build/core/core.a(WInterrupts.c.o)
                              /home/salem/.arduino15/packages/arduino/hardware/sam/1.6.12/variants/arduino_due_x/libsam_sam3x8e_gcc_rel.a(startup_sam3xa.o) (PIOA_Handler)
/home/salem/catkin_ws/src/interactive_mcu/build/core/core.a(cortex_handlers.c.o)
                              /home/salem/.arduino15/packages/arduino/hardware/sam/1.6.12/variants/arduino_due_x/libsam_sam3x8e_gcc_rel.a(startup_sam3xa.o) (NMI_Handler)
/home/salem/catkin_ws/src/interactive_mcu/build/core/core.a(hooks.c.o)
                              /home/salem/catkin_ws/src/interactive_mcu/build/core/core.a(cortex_handlers.c.o) (sysTickHook)
/home/salem/catkin_ws/src/interactive_mcu/build/core/core.a(syscalls_sam3.c.o)
                              (_sbrk)
/home/salem/catkin_ws/src/interactive_mcu/build/core/core.a(wiring.c.o)
                              /home/salem/catkin_ws/src/interactive_mcu/build/sketch/interactive_mcu.ino.cpp.o (millis)
/home/salem/catkin_ws/src/interactive_mcu/build/core/core.a(wiring_analog.c.o)
                              /home/salem/catkin_ws/src/interactive_mcu/build/sketch/interactive_mcu.ino.cpp.o (analogRead)
/home/salem/catkin_ws/src/interactive_mcu/build/core/core.a(wiring_digital.c.o)
                              /home/salem/catkin_ws/src/interactive_mcu/build/sketch/interactive_mcu.ino.cpp.o (pinMode)
/home/salem/catkin_ws/src/interactive_mcu/build/core/core.a(Print.cpp.o)
                              /home/salem/catkin_ws/src/interactive_mcu/build/libraries/Wire/Wire.cpp.o (Print::write(unsigned char const*, unsigned int))
/home/salem/catkin_ws/src/interactive_mcu/build/core/core.a(Reset.cpp.o)
                              /home/salem/catkin_ws/src/interactive_mcu/build/core/core.a(cortex_handlers.c.o) (tickReset)
/home/salem/catkin_ws/src/interactive_mcu/build/core/core.a(RingBuffer.cpp.o)
                              /home/salem/catkin_ws/src/interactive_mcu/build/core/variant.cpp.o (RingBuffer::RingBuffer())
/home/salem/catkin_ws/src/interactive_mcu/build/core/core.a(UARTClass.cpp.o)
                              /home/salem/catkin_ws/src/interactive_mcu/build/libraries/Herkulex/Herkulex.cpp.o (UARTClass::available())
/home/salem/catkin_ws/src/interactive_mcu/build/core/core.a(USARTClass.cpp.o)
                              /home/salem/catkin_ws/src/interactive_mcu/build/libraries/Herkulex/Herkulex.cpp.o (USARTClass::begin(unsigned long))
/home/salem/catkin_ws/src/interactive_mcu/build/core/core.a(abi.cpp.o)
                              /home/salem/catkin_ws/src/interactive_mcu/build/sketch/interactive_mcu.ino.cpp.o (__cxa_pure_virtual)
/home/salem/catkin_ws/src/interactive_mcu/build/core/core.a(main.cpp.o)
                              /home/salem/.arduino15/packages/arduino/tools/arm-none-eabi-gcc/4.8.3-2014q1/bin/../lib/gcc/arm-none-eabi/4.8.3/../../../../arm-none-eabi/lib/armv7-m/crt0.o (main)
/home/salem/catkin_ws/src/interactive_mcu/build/core/core.a(watchdog.cpp.o)
[...]
Memory Configuration

Name             Origin             Length             Attributes
rom              0x0000000000080000 0x0000000000080000 xr
sram0            0x0000000020000000 0x0000000000010000 xrw
sram1            0x0000000020080000 0x0000000000008000 xrw
ram              0x0000000020070000 0x0000000000018000 xrw
*default*        0x0000000000000000 0xffffffffffffffff

Linker script and memory map

LOAD /home/salem/.arduino15/packages/arduino/tools/arm-none-eabi-gcc/4.8.3-2014q1/bin/../lib/gcc/arm-none-eabi/4.8.3/armv7-m/crti.o
LOAD /home/salem/.arduino15/packages/arduino/tools/arm-none-eabi-gcc/4.8.3-2014q1/bin/../lib/gcc/arm-none-eabi/4.8.3/armv7-m/crtbegin.o
LOAD /home/salem/.arduino15/packages/arduino/tools/arm-none-eabi-gcc/4.8.3-2014q1/bin/../lib/gcc/arm-none-eabi/4.8.3/../../../../arm-none-eabi/lib/armv7-m/crt0.o
START GROUP
LOAD /home/salem/catkin_ws/src/interactive_mcu/build/sketch/interactive_mcu.ino.cpp.o
LOAD /home/salem/catkin_ws/src/interactive_mcu/build/libraries/ros_lib/duration.cpp.o
LOAD /home/salem/catkin_ws/src/interactive_mcu/build/libraries/ros_lib/time.cpp.o
LOAD /home/salem/catkin_ws/src/interactive_mcu/build/libraries/Adafruit_NeoPixel-master/esp.c.o
LOAD /home/salem/catkin_ws/src/interactive_mcu/build/libraries/Adafruit_NeoPixel-master/esp8266.c.o
LOAD /home/salem/catkin_ws/src/interactive_mcu/build/libraries/Adafruit_NeoPixel-master/kendyte_k210.c.o
LOAD /home/salem/catkin_ws/src/interactive_mcu/build/libraries/Adafruit_NeoPixel-master/rp2040.c.o
LOAD /home/salem/catkin_ws/src/interactive_mcu/build/libraries/Adafruit_NeoPixel-master/Adafruit_NeoPixel.cpp.o
LOAD /home/salem/catkin_ws/src/interactive_mcu/build/libraries/DFRobot_BMP280-master/DFrobot_BMP280.cpp.o
LOAD /home/salem/catkin_ws/src/interactive_mcu/build/libraries/Wire/Wire.cpp.o
LOAD /home/salem/catkin_ws/src/interactive_mcu/build/libraries/DFRobot_BNO055-master/DFRobot_BNO055.cpp.o
LOAD /home/salem/catkin_ws/src/interactive_mcu/build/libraries/Herkulex/Herkulex.cpp.o
LOAD /home/salem/catkin_ws/src/interactive_mcu/build/core/variant.cpp.o
LOAD /home/salem/.arduino15/packages/arduino/hardware/sam/1.6.12/variants/arduino_due_x/libsam_sam3x8e_gcc_rel.a
LOAD /home/salem/catkin_ws/src/interactive_mcu/build/core/core.a
END GROUP
LOAD /home/salem/.arduino15/packages/arduino/tools/arm-none-eabi-gcc/4.8.3-2014q1/bin/../lib/gcc/arm-none-eabi/4.8.3/../../../../arm-none-eabi/lib/armv7-m/libm.a
LOAD /home/salem/.arduino15/packages/arduino/tools/arm-none-eabi-gcc/4.8.3-2014q1/bin/../lib/gcc/arm-none-eabi/4.8.3/armv7-m/libgcc.a
START GROUP
LOAD /home/salem/.arduino15/packages/arduino/tools/arm-none-eabi-gcc/4.8.3-2014q1/bin/../lib/gcc/arm-none-eabi/4.8.3/armv7-m/libgcc.a
LOAD /home/salem/.arduino15/packages/arduino/tools/arm-none-eabi-gcc/4.8.3-2014q1/bin/../lib/gcc/arm-none-eabi/4.8.3/../../../../arm-none-eabi/lib/armv7-m/libc.a
END GROUP
LOAD /home/salem/.arduino15/packages/arduino/tools/arm-none-eabi-gcc/4.8.3-2014q1/bin/../lib/gcc/arm-none-eabi/4.8.3/armv7-m/crtend.o
LOAD /home/salem/.arduino15/packages/arduino/tools/arm-none-eabi-gcc/4.8.3-2014q1/bin/../lib/gcc/arm-none-eabi/4.8.3/armv7-m/crtn.o

.text           0x0000000000080000    0x140c0
                0x0000000000080000                . = ALIGN (0x4)
                0x0000000000080000                _sfixed = .
 *(.vectors .vectors.*)
 .vectors       0x0000000000080000       0xf4 /home/salem/.arduino15/packages/arduino/hardware/sam/1.6.12/variants/arduino_due_x/libsam_sam3x8e_gcc_rel.a(startup_sam3xa.o)
                0x0000000000080000                exception_table
 *(.text .text.* .gnu.linkonce.t.*)
 .text          0x00000000000800f4       0x54 /home/salem/.arduino15/packages/arduino/tools/arm-none-eabi-gcc/4.8.3-2014q1/bin/../lib/gcc/arm-none-eabi/4.8.3/armv7-m/crtbegin.o
 .text._ZNK8std_msgs4Time9serializeEPh
                0x0000000000080148       0x28 /home/salem/catkin_ws/src/interactive_mcu/build/sketch/interactive_mcu.ino.cpp.o
                0x0000000000080148                std_msgs::Time::serialize(unsigned char*) const
 .text._ZN8std_msgs4Time11deserializeEPh
                0x0000000000080170       0x3c /home/salem/catkin_ws/src/interactive_mcu/build/sketch/interactive_mcu.ino.cpp.o
                0x0000000000080170                std_msgs::Time::deserialize(unsigned char*)
 .text._ZN8std_msgs4Time7getTypeEv
                0x00000000000801ac        0x8 /home/salem/catkin_ws/src/interactive_mcu/build/sketch/interactive_mcu.ino.cpp.o
                0x00000000000801ac                std_msgs::Time::getType()
 .text._ZN8std_msgs4Time6getMD5Ev
                0x00000000000801b4        0x8 /home/salem/catkin_ws/src/interactive_mcu/build/sketch/interactive_mcu.ino.cpp.o
                0x00000000000801b4                std_msgs::Time::getMD5()
 .text._ZN14rosserial_msgs9TopicInfo7getTypeEv
                0x00000000000801bc        0x8 /home/salem/catkin_ws/src/interactive_mcu/build/sketch/interactive_mcu.ino.cpp.o
                0x00000000000801bc                rosserial_msgs::TopicInfo::getType()
 .text._ZN14rosserial_msgs9TopicInfo6getMD5Ev
                0x00000000000801c4        0x8 /home/salem/catkin_ws/src/interactive_mcu/build/sketch/interactive_mcu.ino.cpp.o
                0x00000000000801c4                rosserial_msgs::TopicInfo::getMD5()
 .text._ZN14rosserial_msgs3Log7getTypeEv
                0x00000000000801cc        0x8 /home/salem/catkin_ws/src/interactive_mcu/build/sketch/interactive_mcu.ino.cpp.o
                0x00000000000801cc                rosserial_msgs::Log::getType()
 .text._ZN14rosserial_msgs3Log6getMD5Ev
                0x00000000000801d4        0x8 /home/salem/catkin_ws/src/interactive_mcu/build/sketch/interactive_mcu.ino.cpp.o
                0x00000000000801d4                rosserial_msgs::Log::getMD5()
 .text._ZN14rosserial_msgs20RequestParamResponse7getTypeEv
                0x00000000000801dc        0x8 /home/salem/catkin_ws/src/interactive_mcu/build/sketch/interactive_mcu.ino.cpp.o
                0x00000000000801dc                rosserial_msgs::RequestParamResponse::getType()
 .text._ZN14rosserial_msgs20RequestParamResponse6getMD5Ev
                0x00000000000801e4        0x8 /home/salem/catkin_ws/src/interactive_mcu/build/sketch/interactive_mcu.ino.cpp.o
                0x00000000000801e4                rosserial_msgs::RequestParamResponse::getMD5()
 .text._ZNK8mcu_msgs9mcu_input9serializeEPh
                0x00000000000801ec       0x50 /home/salem/catkin_ws/src/interactive_mcu/build/sketch/interactive_mcu.ino.cpp.o
                0x00000000000801ec                mcu_msgs::mcu_input::serialize(unsigned char*) const
 .text._ZN8mcu_msgs9mcu_input7getTypeEv
                0x000000000008023c        0x8 /home/salem/catkin_ws/src/interactive_mcu/build/sketch/interactive_mcu.ino.cpp.o
                0x000000000008023c                mcu_msgs::mcu_input::getType()
 .text._ZN8mcu_msgs9mcu_input6getMD5Ev
                0x0000000000080244        0x8 /home/salem/catkin_ws/src/interactive_mcu/build/sketch/interactive_mcu.ino.cpp.o
                0x0000000000080244                mcu_msgs::mcu_input::getMD5()
 .text._ZNK11status_msgs11bmp280_chip9serializeEPh
                0x000000000008024c       0x38 /home/salem/catkin_ws/src/interactive_mcu/build/sketch/interactive_mcu.ino.cpp.o
                0x000000000008024c                status_msgs::bmp280_chip::serialize(unsigned char*) const
 .text._ZN11status_msgs11bmp280_chip11deserializeEPh
                0x0000000000080284       0x4a /home/salem/catkin_ws/src/interactive_mcu/build/sketch/interactive_mcu.ino.cpp.o
                0x0000000000080284                status_msgs::bmp280_chip::deserialize(unsigned char*)
 *fill*         0x00000000000802ce        0x2 
 .text._ZN11status_msgs11bmp280_chip7getTypeEv
                0x00000000000802d0        0x8 /home/salem/catkin_ws/src/interactive_mcu/build/sketch/interactive_mcu.ino.cpp.o
                0x00000000000802d0                status_msgs::bmp280_chip::getType()
 .text._ZN11status_msgs11bmp280_chip6getMD5Ev
                0x00000000000802d8        0x8 /home/salem/catkin_ws/src/interactive_mcu/build/sketch/interactive_mcu.ino.cpp.o
                0x00000000000802d8                status_msgs::bmp280_chip::getMD5()
 .text._ZNK11status_msgs6vector9serializeEPh
                0x00000000000802e0       0x34 /home/salem/catkin_ws/src/interactive_mcu/build/sketch/interactive_mcu.ino.cpp.o
                0x00000000000802e0                status_msgs::vector::serialize(unsigned char*) const
 .text._ZN11status_msgs6vector11deserializeEPh
                0x0000000000080314       0x46 /home/salem/catkin_ws/src/interactive_mcu/build/sketch/interactive_mcu.ino.cpp.o
                0x0000000000080314                status_msgs::vector::deserialize(unsigned char*)
 *fill*         0x000000000008035a        0x2 
 .text._ZN11status_msgs6vector7getTypeEv
                0x000000000008035c        0x8 /home/salem/catkin_ws/src/interactive_mcu/build/sketch/interactive_mcu.ino.cpp.o
                0x000000000008035c                status_msgs::vector::getType()
 .text._ZN11status_msgs6vector6getMD5Ev
                0x0000000000080364        0x8 /home/salem/catkin_ws/src/interactive_mcu/build/sketch/interactive_mcu.ino.cpp.o
                0x0000000000080364                status_msgs::vector::getMD5()
 .text._ZNK11status_msgs10quaternion9serializeEPh
                0x000000000008036c       0x44 /home/salem/catkin_ws/src/interactive_mcu/build/sketch/interactive_mcu.ino.cpp.o
                0x000000000008036c                status_msgs::quaternion::serialize(unsigned char*) const
 .text._ZN11status_msgs10quaternion11deserializeEPh
                0x00000000000803b0       0x5c /home/salem/catkin_ws/src/interactive_mcu/build/sketch/interactive_mcu.ino.cpp.o
                0x00000000000803b0                status_msgs::quaternion::deserialize(unsigned char*)
 .text._ZN11status_msgs10quaternion7getTypeEv
                0x000000000008040c        0x8 /home/salem/catkin_ws/src/interactive_mcu/build/sketch/interactive_mcu.ino.cpp.o
                0x000000000008040c                status_msgs::quaternion::getType()
 .text._ZN11status_msgs10quaternion6getMD5Ev
                0x0000000000080414        0x8 /home/salem/catkin_ws/src/interactive_mcu/build/sketch/interactive_mcu.ino.cpp.o
                0x0000000000080414                status_msgs::quaternion::getMD5()
 .text._ZNK11status_msgs11bno055_chip9serializeEPh
                0x000000000008041c       0x5e /home/salem/catkin_ws/src/interactive_mcu/build/sketch/interactive_mcu.ino.cpp.o
                0x000000000008041c                status_msgs::bno055_chip::serialize(unsigned char*) const
 .text._ZN11status_msgs11bno055_chip11deserializeEPh
                0x000000000008047a       0x5e /home/salem/catkin_ws/src/interactive_mcu/build/sketch/interactive_mcu.ino.cpp.o
                0x000000000008047a                status_msgs::bno055_chip::deserialize(unsigned char*)
 .text._ZN11status_msgs11bno055_chip7getTypeEv
                0x00000000000804d8        0x8 /home/salem/catkin_ws/src/interactive_mcu/build/sketch/interactive_mcu.ino.cpp.o
                0x00000000000804d8                status_msgs::bno055_chip::getType()
 .text._ZN11status_msgs11bno055_chip6getMD5Ev
                0x00000000000804e0        0x8 /home/salem/catkin_ws/src/interactive_mcu/build/sketch/interactive_mcu.ino.cpp.o
                0x00000000000804e0                status_msgs::bno055_chip::getMD5()
 .text._ZNK11status_msgs7imu_msg9serializeEPh
                0x00000000000804e8       0x1c /home/salem/catkin_ws/src/interactive_mcu/build/sketch/interactive_mcu.ino.cpp.o
                0x00000000000804e8                status_msgs::imu_msg::serialize(unsigned char*) const
 .text._ZN11status_msgs7imu_msg11deserializeEPh
                0x0000000000080504       0x1c /home/salem/catkin_ws/src/interactive_mcu/build/sketch/interactive_mcu.ino.cpp.o
                0x0000000000080504                status_msgs::imu_msg::deserialize(unsigned char*)
 .text._ZN11status_msgs7imu_msg7getTypeEv
                0x0000000000080520        0x8 /home/salem/catkin_ws/src/interactive_mcu/build/sketch/interactive_mcu.ino.cpp.o
                0x0000000000080520                status_msgs::imu_msg::getType()
 .text._ZN11status_msgs7imu_msg6getMD5Ev
                0x0000000000080528        0x8 /home/salem/catkin_ws/src/interactive_mcu/build/sketch/interactive_mcu.ino.cpp.o
                0x0000000000080528                status_msgs::imu_msg::getMD5()
 .text._ZNK11status_msgs11sensors_msg9serializeEPh
                0x0000000000080530      0x140 /home/salem/catkin_ws/src/interactive_mcu/build/sketch/interactive_mcu.ino.cpp.o
                0x0000000000080530                status_msgs::sensors_msg::serialize(unsigned char*) const
 .text._ZN11status_msgs11sensors_msg7getTypeEv
                0x0000000000080670        0x8 /home/salem/catkin_ws/src/interactive_mcu/build/sketch/interactive_mcu.ino.cpp.o
                0x0000000000080670                status_msgs::sensors_msg::getType()
 .text._ZN11status_msgs11sensors_msg6getMD5Ev
                0x0000000000080678        0x8 /home/salem/catkin_ws/src/interactive_mcu/build/sketch/interactive_mcu.ino.cpp.o
                0x0000000000080678                status_msgs::sensors_msg::getMD5()
 .text._ZNK11status_msgs13pixelgrid_msg9serializeEPh
                0x0000000000080680       0x22 /home/salem/catkin_ws/src/interactive_mcu/build/sketch/interactive_mcu.ino.cpp.o
                0x0000000000080680                status_msgs::pixelgrid_msg::serialize(unsigned char*) const
 .text._ZN11status_msgs13pixelgrid_msg11deserializeEPh
                0x00000000000806a2       0x2c /home/salem/catkin_ws/src/interactive_mcu/build/sketch/interactive_mcu.ino.cpp.o
                0x00000000000806a2                status_msgs::pixelgrid_msg::deserialize(unsigned char*)
 *fill*         0x00000000000806ce        0x2 
 .text._ZN11status_msgs13pixelgrid_msg7getTypeEv
                0x00000000000806d0        0x8 /home/salem/catkin_ws/src/interactive_mcu/build/sketch/interactive_mcu.ino.cpp.o
                0x00000000000806d0                status_msgs::pixelgrid_msg::getType()
 .text._ZN11status_msgs13pixelgrid_msg6getMD5Ev
                0x00000000000806d8        0x8 /home/salem/catkin_ws/src/interactive_mcu/build/sketch/interactive_mcu.ino.cpp.o
                0x00000000000806d8                status_msgs::pixelgrid_msg::getMD5()
 .text._ZNK11status_msgs12led_ring_msg9serializeEPh
                0x00000000000806e0       0x22 /home/salem/catkin_ws/src/interactive_mcu/build/sketch/interactive_mcu.ino.cpp.o
                0x00000000000806e0                status_msgs::led_ring_msg::serialize(unsigned char*) const
 .text._ZN11status_msgs12led_ring_msg11deserializeEPh
                0x0000000000080702       0x2c /home/salem/catkin_ws/src/interactive_mcu/build/sketch/interactive_mcu.ino.cpp.o
                0x0000000000080702                status_msgs::led_ring_msg::deserialize(unsigned char*)
 *fill*         0x000000000008072e        0x2 
 .text._ZN11status_msgs12led_ring_msg7getTypeEv
                0x0000000000080730        0x8 /home/salem/catkin_ws/src/interactive_mcu/build/sketch/interactive_mcu.ino.cpp.o
                0x0000000000080730                status_msgs::led_ring_msg::getType()
 .text._ZN11status_msgs12led_ring_msg6getMD5Ev
                0x0000000000080738        0x8 /home/salem/catkin_ws/src/interactive_mcu/build/sketch/interactive_mcu.ino.cpp.o
                0x0000000000080738                status_msgs::led_ring_msg::getMD5()
 .text._ZNK11status_msgs9servo_msg9serializeEPh
                0x0000000000080740       0x10 /home/salem/catkin_ws/src/interactive_mcu/build/sketch/interactive_mcu.ino.cpp.o
                0x0000000000080740                status_msgs::servo_msg::serialize(unsigned char*) const
 .text._ZN11status_msgs9servo_msg11deserializeEPh
                0x0000000000080750       0x12 /home/salem/catkin_ws/src/interactive_mcu/build/sketch/interactive_mcu.ino.cpp.o
                0x0000000000080750                status_msgs::servo_msg::deserialize(unsigned char*)
 *fill*         0x0000000000080762        0x2 
 .text._ZN11status_msgs9servo_msg7getTypeEv
                0x0000000000080764        0x8 /home/salem/catkin_ws/src/interactive_mcu/build/sketch/interactive_mcu.ino.cpp.o
                0x0000000000080764                status_msgs::servo_msg::getType()
 .text._ZN11status_msgs9servo_msg6getMD5Ev
                0x000000000008076c        0x8 /home/salem/catkin_ws/src/interactive_mcu/build/sketch/interactive_mcu.ino.cpp.o
                0x000000000008076c                status_msgs::servo_msg::getMD5()
 .text._ZNK11status_msgs15controllers_msg9serializeEPh
                0x0000000000080774       0x80 /home/salem/catkin_ws/src/interactive_mcu/build/sketch/interactive_mcu.ino.cpp.o
                0x0000000000080774                status_msgs::controllers_msg::serialize(unsigned char*) const
 .text._ZN11status_msgs15controllers_msg7getTypeEv
                0x00000000000807f4        0x8 /home/salem/catkin_ws/src/interactive_mcu/build/sketch/interactive_mcu.ino.cpp.o
                0x00000000000807f4                status_msgs::controllers_msg::getType()
 .text._ZN11status_msgs15controllers_msg6getMD5Ev
                0x00000000000807fc        0x8 /home/salem/catkin_ws/src/interactive_mcu/build/sketch/interactive_mcu.ino.cpp.o
                0x00000000000807fc                status_msgs::controllers_msg::getMD5()
 .text._ZNK11status_msgs9power_msg9serializeEPh
                0x0000000000080804       0x1c /home/salem/catkin_ws/src/interactive_mcu/build/sketch/interactive_mcu.ino.cpp.o
                0x0000000000080804                status_msgs::power_msg::serialize(unsigned char*) const
 .text._ZN11status_msgs9power_msg11deserializeEPh
                0x0000000000080820       0x22 /home/salem/catkin_ws/src/interactive_mcu/build/sketch/interactive_mcu.ino.cpp.o
                0x0000000000080820                status_msgs::power_msg::deserialize(unsigned char*)
 *fill*         0x0000000000080842        0x2 
 .text._ZN11status_msgs9power_msg7getTypeEv
                0x0000000000080844        0x8 /home/salem/catkin_ws/src/interactive_mcu/build/sketch/interactive_mcu.ino.cpp.o
                0x0000000000080844                status_msgs::power_msg::getType()
 .text._ZN11status_msgs9power_msg6getMD5Ev
                0x000000000008084c        0x8 /home/salem/catkin_ws/src/interactive_mcu/build/sketch/interactive_mcu.ino.cpp.o
                0x000000000008084c                status_msgs::power_msg::getMD5()
 .text._ZNK11status_msgs24cash_reader_counters_msg9serializeEPh
                0x0000000000080854       0x2c /home/salem/catkin_ws/src/interactive_mcu/build/sketch/interactive_mcu.ino.cpp.o
                0x0000000000080854                status_msgs::cash_reader_counters_msg::serialize(unsigned char*) const
 .text._ZN11status_msgs24cash_reader_counters_msg11deserializeEPh
                0x0000000000080880       0x36 /home/salem/catkin_ws/src/interactive_mcu/build/sketch/interactive_mcu.ino.cpp.o
                0x0000000000080880                status_msgs::cash_reader_counters_msg::deserialize(unsigned char*)
 *fill*         0x00000000000808b6        0x2 
 .text._ZN11status_msgs24cash_reader_counters_msg7getTypeEv
                0x00000000000808b8        0x8 /home/salem/catkin_ws/src/interactive_mcu/build/sketch/interactive_mcu.ino.cpp.o
                0x00000000000808b8                status_msgs::cash_reader_counters_msg::getType()
 .text._ZN11status_msgs24cash_reader_counters_msg6getMD5Ev
                0x00000000000808c0        0x8 /home/salem/catkin_ws/src/interactive_mcu/build/sketch/interactive_mcu.ino.cpp.o
                0x00000000000808c0                status_msgs::cash_reader_counters_msg::getMD5()
 .text._ZN11status_msgs23cash_reader_channel_msg7getTypeEv
                0x00000000000808c8        0x8 /home/salem/catkin_ws/src/interactive_mcu/build/sketch/interactive_mcu.ino.cpp.o
                0x00000000000808c8                status_msgs::cash_reader_channel_msg::getType()
 .text._ZN11status_msgs23cash_reader_channel_msg6getMD5Ev
                0x00000000000808d0        0x8 /home/salem/catkin_ws/src/interactive_mcu/build/sketch/interactive_mcu.ino.cpp.o
                0x00000000000808d0                status_msgs::cash_reader_channel_msg::getMD5()
 .text._ZN11status_msgs15cash_reader_msg7getTypeEv
                0x00000000000808d8        0x8 /home/salem/catkin_ws/src/interactive_mcu/build/sketch/interactive_mcu.ino.cpp.o
                0x00000000000808d8                status_msgs::cash_reader_msg::getType()
 .text._ZN11status_msgs15cash_reader_msg6getMD5Ev
                0x00000000000808e0        0x8 /home/salem/catkin_ws/src/interactive_mcu/build/sketch/interactive_mcu.ino.cpp.o
                0x00000000000808e0                status_msgs::cash_reader_msg::getMD5()
 .text._ZN11status_msgs6status7getTypeEv
                0x00000000000808e8        0x8 /home/salem/catkin_ws/src/interactive_mcu/build/sketch/interactive_mcu.ino.cpp.o
                0x00000000000808e8                status_msgs::status::getType()
 .text._ZN11status_msgs6status6getMD5Ev
                0x00000000000808f0        0x8 /home/salem/catkin_ws/src/interactive_mcu/build/sketch/interactive_mcu.ino.cpp.o
                0x00000000000808f0                status_msgs::status::getMD5()
 .text._ZN3ros11NodeHandle_I15ArduinoHardwareLi25ELi25ELi1024ELi1024EE9connectedEv
                0x00000000000808f8        0x6 /home/salem/catkin_ws/src/interactive_mcu/build/sketch/interactive_mcu.ino.cpp.o
                0x00000000000808f8                ros::NodeHandle_<ArduinoHardware, 25, 25, 1024, 1024>::connected()
 .text._ZN3ros10SubscriberIN8mcu_msgs9mcu_inputE3McuE15getEndpointTypeEv
                0x00000000000808fe        0x4 /home/salem/catkin_ws/src/interactive_mcu/build/sketch/interactive_mcu.ino.cpp.o
                0x00000000000808fe                ros::Subscriber<mcu_msgs::mcu_input, Mcu>::getEndpointType()
 *fill*         0x0000000000080902        0x2 
 .text._ZN3ros10SubscriberIN8mcu_msgs9mcu_inputE3McuE10getMsgTypeEv
                0x0000000000080904        0x8 /home/salem/catkin_ws/src/interactive_mcu/build/sketch/interactive_mcu.ino.cpp.o
                0x0000000000080904                ros::Subscriber<mcu_msgs::mcu_input, Mcu>::getMsgType()
 .text._ZN3ros10SubscriberIN8mcu_msgs9mcu_inputE3McuE9getMsgMD5Ev
                0x000000000008090c        0x8 /home/salem/catkin_ws/src/interactive_mcu/build/sketch/interactive_mcu.ino.cpp.o
                0x000000000008090c                ros::Subscriber<mcu_msgs::mcu_input, Mcu>::getMsgMD5()
 .text._ZN8mcu_msgs9mcu_input11deserializeEPh
                0x0000000000080914       0x70 /home/salem/catkin_ws/src/interactive_mcu/build/sketch/interactive_mcu.ino.cpp.o
                0x0000000000080914                mcu_msgs::mcu_input::deserialize(unsigned char*)
 .text._ZN3ros10SubscriberIN8mcu_msgs9mcu_inputE3McuE8callbackEPh
                0x0000000000080984       0x2c /home/salem/catkin_ws/src/interactive_mcu/build/sketch/interactive_mcu.ino.cpp.o
                0x0000000000080984                ros::Subscriber<mcu_msgs::mcu_input, Mcu>::callback(unsigned char*)
 .text._ZN11status_msgs11sensors_msg11deserializeEPh
                0x00000000000809b0      0x1d2 /home/salem/catkin_ws/src/interactive_mcu/build/sketch/interactive_mcu.ino.cpp.o
                0x00000000000809b0                status_msgs::sensors_msg::deserialize(unsigned char*)
 .text._ZN11status_msgs15controllers_msg11deserializeEPh
                0x0000000000080b82       0xb6 /home/salem/catkin_ws/src/interactive_mcu/build/sketch/interactive_mcu.ino.cpp.o
                0x0000000000080b82                status_msgs::controllers_msg::deserialize(unsigned char*)
 .text._ZN3McuD2Ev
                0x0000000000080c38       0x1a /home/salem/catkin_ws/src/interactive_mcu/build/sketch/interactive_mcu.ino.cpp.o
                0x0000000000080c38                Mcu::~Mcu()
                0x0000000000080c38                Mcu::~Mcu()
 *fill*         0x0000000000080c52        0x2 
 .text._ZN3ros11NodeHandle_I15ArduinoHardwareLi25ELi25ELi1024ELi1024EE7publishEiPKNS_3MsgE
                0x0000000000080c54       0xbc /home/salem/catkin_ws/src/interactive_mcu/build/sketch/interactive_mcu.ino.cpp.o
                0x0000000000080c54                ros::NodeHandle_<ArduinoHardware, 25, 25, 1024, 1024>::publish(int, ros::Msg const*)
 .text._ZN11ServoMotors11face_centerEi.isra.18.constprop.22
                0x0000000000080d10       0x5c /home/salem/catkin_ws/src/interactive_mcu/build/sketch/interactive_mcu.ino.cpp.o
 .text._ZN11ServoMotors4initEv.isra.19
                0x0000000000080d6c       0x58 /home/salem/catkin_ws/src/interactive_mcu/build/sketch/interactive_mcu.ino.cpp.o
 .text._ZN11status_msgs11bno055_chipC2Ev
                0x0000000000080dc4       0x58 /home/salem/catkin_ws/src/interactive_mcu/build/sketch/interactive_mcu.ino.cpp.o
                0x0000000000080dc4                status_msgs::bno055_chip::bno055_chip()
                0x0000000000080dc4                status_msgs::bno055_chip::bno055_chip()
 .text._ZN15PixelControllerC2Ev
                0x0000000000080e1c     0x6c6c /home/salem/catkin_ws/src/interactive_mcu/build/sketch/interactive_mcu.ino.cpp.o
                0x0000000000080e1c                PixelController::PixelController()
                0x0000000000080e1c                PixelController::PixelController()
 .text._ZN15PixelController8set_faceEhhmih
                0x0000000000087a88       0xfe /home/salem/catkin_ws/src/interactive_mcu/build/sketch/interactive_mcu.ino.cpp.o
                0x0000000000087a88                PixelController::set_face(unsigned char, unsigned char, unsigned long, int, unsigned char)
 .text._ZN15PixelController7animateEPA128_Khmii
                0x0000000000087b86       0xe8 /home/salem/catkin_ws/src/interactive_mcu/build/sketch/interactive_mcu.ino.cpp.o
                0x0000000000087b86                PixelController::animate(unsigned char const (*) [128], unsigned long, int, int)
 .text._ZN15PixelController12switch_frameEv
                0x0000000000087c6e      0x13e /home/salem/catkin_ws/src/interactive_mcu/build/sketch/interactive_mcu.ino.cpp.o
                0x0000000000087c6e                PixelController::switch_frame()
 .text._ZN15PixelController9run_frameEv
                0x0000000000087dac       0x1c /home/salem/catkin_ws/src/interactive_mcu/build/sketch/interactive_mcu.ino.cpp.o
                0x0000000000087dac                PixelController::run_frame()
 .text._ZN14RingController8set_flowEhhmih
                0x0000000000087dc8       0x68 /home/salem/catkin_ws/src/interactive_mcu/build/sketch/interactive_mcu.ino.cpp.o
                0x0000000000087dc8                RingController::set_flow(unsigned char, unsigned char, unsigned long, int, unsigned char)
 .text._ZN14RingController9run_frameEv
                0x0000000000087e30       0xb6 /home/salem/catkin_ws/src/interactive_mcu/build/sketch/interactive_mcu.ino.cpp.o
                0x0000000000087e30                RingController::run_frame()
 *fill*         0x0000000000087ee6        0x2 
 .text._ZN11ServoMotors7readallEv
                0x0000000000087ee8       0x74 /home/salem/catkin_ws/src/interactive_mcu/build/sketch/interactive_mcu.ino.cpp.o
                0x0000000000087ee8                ServoMotors::readall()
 .text._ZN11ServoMotors4moveEPf
                0x0000000000087f5c       0xc0 /home/salem/catkin_ws/src/interactive_mcu/build/sketch/interactive_mcu.ino.cpp.o
                0x0000000000087f5c                ServoMotors::move(float*)
 .text._ZN9Led_strip8setColorEhhh
                0x000000000008801c       0x28 /home/salem/catkin_ws/src/interactive_mcu/build/sketch/interactive_mcu.ino.cpp.o
                0x000000000008801c                Led_strip::setColor(unsigned char, unsigned char, unsigned char)
 .text._ZN3Mcu3cb_ERKN8mcu_msgs9mcu_inputE
                0x0000000000088044      0x2e6 /home/salem/catkin_ws/src/interactive_mcu/build/sketch/interactive_mcu.ino.cpp.o
                0x0000000000088044                Mcu::cb_(mcu_msgs::mcu_input const&)
 *fill*         0x000000000008832a        0x2 
 .text._ZN3McuC2Ev
                0x000000000008832c      0x27c /home/salem/catkin_ws/src/interactive_mcu/build/sketch/interactive_mcu.ino.cpp.o
                0x000000000008832c                Mcu::Mcu()
                0x000000000008832c                Mcu::Mcu()
 .text._ZN3Mcu4initERN3ros11NodeHandle_I15ArduinoHardwareLi25ELi25ELi1024ELi1024EEE
                0x00000000000885a8      0x174 /home/salem/catkin_ws/src/interactive_mcu/build/sketch/interactive_mcu.ino.cpp.o
                0x00000000000885a8                Mcu::init(ros::NodeHandle_<ArduinoHardware, 25, 25, 1024, 1024>&)
 .text.setup    0x000000000008871c       0x3c /home/salem/catkin_ws/src/interactive_mcu/build/sketch/interactive_mcu.ino.cpp.o
                0x000000000008871c                setup
 .text._ZN3Mcu5read_Ev
                0x0000000000088758       0xf0 /home/salem/catkin_ws/src/interactive_mcu/build/sketch/interactive_mcu.ino.cpp.o
                0x0000000000088758                Mcu::read_()
 .text._ZN3Mcu8publish_Ev
                0x0000000000088848      0x1b8 /home/salem/catkin_ws/src/interactive_mcu/build/sketch/interactive_mcu.ino.cpp.o
                0x0000000000088848                Mcu::publish_()
 .text._ZN3Mcu3runEv
                0x0000000000088a00       0x12 /home/salem/catkin_ws/src/interactive_mcu/build/sketch/interactive_mcu.ino.cpp.o
                0x0000000000088a00                Mcu::run()
 .text._ZN3ros3Msg8varToArrIPhmEEvT_T0_
                0x0000000000088a12       0x12 /home/salem/catkin_ws/src/interactive_mcu/build/sketch/interactive_mcu.ino.cpp.o
                0x0000000000088a12                void ros::Msg::varToArr<unsigned char*, unsigned long>(unsigned char*, unsigned long)
 .text._ZNK14rosserial_msgs9TopicInfo9serializeEPh
                0x0000000000088a24       0x86 /home/salem/catkin_ws/src/interactive_mcu/build/sketch/interactive_mcu.ino.cpp.o
                0x0000000000088a24                rosserial_msgs::TopicInfo::serialize(unsigned char*) const
 .text._ZNK14rosserial_msgs3Log9serializeEPh
                0x0000000000088aaa       0x2c /home/salem/catkin_ws/src/interactive_mcu/build/sketch/interactive_mcu.ino.cpp.o
                0x0000000000088aaa                rosserial_msgs::Log::serialize(unsigned char*) const
 .text._ZNK14rosserial_msgs20RequestParamResponse9serializeEPh
                0x0000000000088ad6       0xde /home/salem/catkin_ws/src/interactive_mcu/build/sketch/interactive_mcu.ino.cpp.o
                0x0000000000088ad6                rosserial_msgs::RequestParamResponse::serialize(unsigned char*) const
 .text._ZNK11status_msgs23cash_reader_channel_msg9serializeEPh
                0x0000000000088bb4       0x40 /home/salem/catkin_ws/src/interactive_mcu/build/sketch/interactive_mcu.ino.cpp.o
                0x0000000000088bb4                status_msgs::cash_reader_channel_msg::serialize(unsigned char*) const
 .text._ZNK11status_msgs15cash_reader_msg9serializeEPh
                0x0000000000088bf4      0x184 /home/salem/catkin_ws/src/interactive_mcu/build/sketch/interactive_mcu.ino.cpp.o
                0x0000000000088bf4                status_msgs::cash_reader_msg::serialize(unsigned char*) const
 .text._ZNK11status_msgs6status9serializeEPh
                0x0000000000088d78       0xea /home/salem/catkin_ws/src/interactive_mcu/build/sketch/interactive_mcu.ino.cpp.o
                0x0000000000088d78                status_msgs::status::serialize(unsigned char*) const
 .text._ZN3ros3Msg8arrToVarImPhEEvRT_T0_
                0x0000000000088e62       0x1a /home/salem/catkin_ws/src/interactive_mcu/build/sketch/interactive_mcu.ino.cpp.o
                0x0000000000088e62                void ros::Msg::arrToVar<unsigned long, unsigned char*>(unsigned long&, unsigned char*)
 .text._ZN14rosserial_msgs9TopicInfo11deserializeEPh
                0x0000000000088e7c       0xb0 /home/salem/catkin_ws/src/interactive_mcu/build/sketch/interactive_mcu.ino.cpp.o
                0x0000000000088e7c                rosserial_msgs::TopicInfo::deserialize(unsigned char*)
 .text._ZN14rosserial_msgs3Log11deserializeEPh
                0x0000000000088f2c       0x36 /home/salem/catkin_ws/src/interactive_mcu/build/sketch/interactive_mcu.ino.cpp.o
                0x0000000000088f2c                rosserial_msgs::Log::deserialize(unsigned char*)
 .text._ZN14rosserial_msgs20RequestParamResponse11deserializeEPh
                0x0000000000088f62      0x13c /home/salem/catkin_ws/src/interactive_mcu/build/sketch/interactive_mcu.ino.cpp.o
                0x0000000000088f62                rosserial_msgs::RequestParamResponse::deserialize(unsigned char*)
 .text._ZN11status_msgs23cash_reader_channel_msg11deserializeEPh
                0x000000000008909e       0x50 /home/salem/catkin_ws/src/interactive_mcu/build/sketch/interactive_mcu.ino.cpp.o
                0x000000000008909e                status_msgs::cash_reader_channel_msg::deserialize(unsigned char*)
 .text._ZN11status_msgs15cash_reader_msg11deserializeEPh
                0x00000000000890ee      0x1f4 /home/salem/catkin_ws/src/interactive_mcu/build/sketch/interactive_mcu.ino.cpp.o
                0x00000000000890ee                status_msgs::cash_reader_msg::deserialize(unsigned char*)
 .text._ZN11status_msgs6status11deserializeEPh
                0x00000000000892e2      0x12e /home/salem/catkin_ws/src/interactive_mcu/build/sketch/interactive_mcu.ino.cpp.o
                0x00000000000892e2                status_msgs::status::deserialize(unsigned char*)
 .text._ZN3ros11NodeHandle_I15ArduinoHardwareLi25ELi25ELi1024ELi1024EE15requestSyncTimeEv
                0x0000000000089410       0x28 /home/salem/catkin_ws/src/interactive_mcu/build/sketch/interactive_mcu.ino.cpp.o
                0x0000000000089410                ros::NodeHandle_<ArduinoHardware, 25, 25, 1024, 1024>::requestSyncTime()
 .text._ZN3ros11NodeHandle_I15ArduinoHardwareLi25ELi25ELi1024ELi1024EE15negotiateTopicsEv
                0x0000000000089438       0xc0 /home/salem/catkin_ws/src/interactive_mcu/build/sketch/interactive_mcu.ino.cpp.o
                0x0000000000089438                ros::NodeHandle_<ArduinoHardware, 25, 25, 1024, 1024>::negotiateTopics()
 .text._ZN3ros11NodeHandle_I15ArduinoHardwareLi25ELi25ELi1024ELi1024EE8syncTimeEPh
                0x00000000000894f8       0x84 /home/salem/catkin_ws/src/interactive_mcu/build/sketch/interactive_mcu.ino.cpp.o
                0x00000000000894f8                ros::NodeHandle_<ArduinoHardware, 25, 25, 1024, 1024>::syncTime(unsigned char*)
 .text._ZN3ros11NodeHandle_I15ArduinoHardwareLi25ELi25ELi1024ELi1024EE8spinOnceEv
                0x000000000008957c      0x204 /home/salem/catkin_ws/src/interactive_mcu/build/sketch/interactive_mcu.ino.cpp.o
                0x000000000008957c                ros::NodeHandle_<ArduinoHardware, 25, 25, 1024, 1024>::spinOnce()
 .text.loop     0x0000000000089780       0x18 /home/salem/catkin_ws/src/interactive_mcu/build/sketch/interactive_mcu.ino.cpp.o
                0x0000000000089780                loop
 .text.startup._GLOBAL__sub_I_nh
                0x0000000000089798       0xa8 /home/salem/catkin_ws/src/interactive_mcu/build/sketch/interactive_mcu.ino.cpp.o
 .text._ZN3ros16normalizeSecNSecERmS0_
                0x0000000000089840       0x1c /home/salem/catkin_ws/src/interactive_mcu/build/libraries/ros_lib/time.cpp.o
                0x0000000000089840                ros::normalizeSecNSec(unsigned long&, unsigned long&)
 .text._ZN17Adafruit_NeoPixelD2Ev
                0x000000000008985c       0x1c /home/salem/catkin_ws/src/interactive_mcu/build/libraries/Adafruit_NeoPixel-master/Adafruit_NeoPixel.cpp.o
                0x000000000008985c                Adafruit_NeoPixel::~Adafruit_NeoPixel()
                0x000000000008985c                Adafruit_NeoPixel::~Adafruit_NeoPixel()
 .text._ZN17Adafruit_NeoPixel5beginEv
                0x0000000000089878       0x22 /home/salem/catkin_ws/src/interactive_mcu/build/libraries/Adafruit_NeoPixel-master/Adafruit_NeoPixel.cpp.o
                0x0000000000089878                Adafruit_NeoPixel::begin()
 .text._ZN17Adafruit_NeoPixel12updateLengthEt
                0x000000000008989a       0x3a /home/salem/catkin_ws/src/interactive_mcu/build/libraries/Adafruit_NeoPixel-master/Adafruit_NeoPixel.cpp.o
                0x000000000008989a                Adafruit_NeoPixel::updateLength(unsigned short)
 .text._ZN17Adafruit_NeoPixel10updateTypeEt
                0x00000000000898d4       0x48 /home/salem/catkin_ws/src/interactive_mcu/build/libraries/Adafruit_NeoPixel-master/Adafruit_NeoPixel.cpp.o
                0x00000000000898d4                Adafruit_NeoPixel::updateType(unsigned short)
 .text._ZN17Adafruit_NeoPixel4showEv
                0x000000000008991c       0xe8 /home/salem/catkin_ws/src/interactive_mcu/build/libraries/Adafruit_NeoPixel-master/Adafruit_NeoPixel.cpp.o
                0x000000000008991c                Adafruit_NeoPixel::show()
 .text._ZN17Adafruit_NeoPixel6setPinEt
                0x0000000000089a04       0x34 /home/salem/catkin_ws/src/interactive_mcu/build/libraries/Adafruit_NeoPixel-master/Adafruit_NeoPixel.cpp.o
                0x0000000000089a04                Adafruit_NeoPixel::setPin(unsigned short)
 .text._ZN17Adafruit_NeoPixelC2Ettt
                0x0000000000089a38       0x2c /home/salem/catkin_ws/src/interactive_mcu/build/libraries/Adafruit_NeoPixel-master/Adafruit_NeoPixel.cpp.o
                0x0000000000089a38                Adafruit_NeoPixel::Adafruit_NeoPixel(unsigned short, unsigned short, unsigned short)
                0x0000000000089a38                Adafruit_NeoPixel::Adafruit_NeoPixel(unsigned short, unsigned short, unsigned short)
 .text._ZN17Adafruit_NeoPixel13setPixelColorEtm
                0x0000000000089a64       0x5c /home/salem/catkin_ws/src/interactive_mcu/build/libraries/Adafruit_NeoPixel-master/Adafruit_NeoPixel.cpp.o
                0x0000000000089a64                Adafruit_NeoPixel::setPixelColor(unsigned short, unsigned long)
 .text._ZN17Adafruit_NeoPixel13setBrightnessEh
                0x0000000000089ac0       0x4e /home/salem/catkin_ws/src/interactive_mcu/build/libraries/Adafruit_NeoPixel-master/Adafruit_NeoPixel.cpp.o
                0x0000000000089ac0                Adafruit_NeoPixel::setBrightness(unsigned char)
 .text._ZN17Adafruit_NeoPixel5clearEv
                0x0000000000089b0e        0xc /home/salem/catkin_ws/src/interactive_mcu/build/libraries/Adafruit_NeoPixel-master/Adafruit_NeoPixel.cpp.o
                0x0000000000089b0e                Adafruit_NeoPixel::clear()
 .text._ZN18DFRobot_BMP280_IIC8writeRegEhPht
                0x0000000000089b1a       0x4a /home/salem/catkin_ws/src/interactive_mcu/build/libraries/DFRobot_BMP280-master/DFrobot_BMP280.cpp.o
                0x0000000000089b1a                DFRobot_BMP280_IIC::writeReg(unsigned char, unsigned char*, unsigned short)
 .text._ZN18DFRobot_BMP280_IIC7readRegEhPht
                0x0000000000089b64       0x62 /home/salem/catkin_ws/src/interactive_mcu/build/libraries/DFRobot_BMP280-master/DFrobot_BMP280.cpp.o
                0x0000000000089b64                DFRobot_BMP280_IIC::readReg(unsigned char, unsigned char*, unsigned short)
 *fill*         0x0000000000089bc6        0x2 
 .text._ZN14DFRobot_BMP2805resetEv
                0x0000000000089bc8       0x30 /home/salem/catkin_ws/src/interactive_mcu/build/libraries/DFRobot_BMP280-master/DFrobot_BMP280.cpp.o
                0x0000000000089bc8                DFRobot_BMP280::reset()
 .text._ZN14DFRobot_BMP28012getCalibrateEv
                0x0000000000089bf8       0x24 /home/salem/catkin_ws/src/interactive_mcu/build/libraries/DFRobot_BMP280-master/DFrobot_BMP280.cpp.o
                0x0000000000089bf8                DFRobot_BMP280::getCalibrate()
 .text._ZN14DFRobot_BMP2806getRegEh
                0x0000000000089c1c       0x16 /home/salem/catkin_ws/src/interactive_mcu/build/libraries/DFRobot_BMP280-master/DFrobot_BMP280.cpp.o
                0x0000000000089c1c                DFRobot_BMP280::getReg(unsigned char)
 .text._ZN14DFRobot_BMP28012writeRegBitsEhhh
                0x0000000000089c32       0x3e /home/salem/catkin_ws/src/interactive_mcu/build/libraries/DFRobot_BMP280-master/DFrobot_BMP280.cpp.o
                0x0000000000089c32                DFRobot_BMP280::writeRegBits(unsigned char, unsigned char, unsigned char)
 .text._ZN14DFRobot_BMP28015setCtrlMeasModeENS_15eCtrlMeasMode_tE
                0x0000000000089c70       0x1c /home/salem/catkin_ws/src/interactive_mcu/build/libraries/DFRobot_BMP280-master/DFrobot_BMP280.cpp.o
                0x0000000000089c70                DFRobot_BMP280::setCtrlMeasMode(DFRobot_BMP280::eCtrlMeasMode_t)
 .text._ZN14DFRobot_BMP28023setCtrlMeasSamplingTempENS_11eSampling_tE
                0x0000000000089c8c       0x24 /home/salem/catkin_ws/src/interactive_mcu/build/libraries/DFRobot_BMP280-master/DFrobot_BMP280.cpp.o
                0x0000000000089c8c                DFRobot_BMP280::setCtrlMeasSamplingTemp(DFRobot_BMP280::eSampling_t)
 .text._ZN14DFRobot_BMP28024setCtrlMeasSamplingPressENS_11eSampling_tE
                0x0000000000089cb0       0x24 /home/salem/catkin_ws/src/interactive_mcu/build/libraries/DFRobot_BMP280-master/DFrobot_BMP280.cpp.o
                0x0000000000089cb0                DFRobot_BMP280::setCtrlMeasSamplingPress(DFRobot_BMP280::eSampling_t)
 .text._ZN14DFRobot_BMP28015setConfigFilterENS_15eConfigFilter_tE
                0x0000000000089cd4       0x24 /home/salem/catkin_ws/src/interactive_mcu/build/libraries/DFRobot_BMP280-master/DFrobot_BMP280.cpp.o
                0x0000000000089cd4                DFRobot_BMP280::setConfigFilter(DFRobot_BMP280::eConfigFilter_t)
 .text._ZN14DFRobot_BMP28017setConfigTStandbyENS_17eConfigTStandby_tE
                0x0000000000089cf8       0x24 /home/salem/catkin_ws/src/interactive_mcu/build/libraries/DFRobot_BMP280-master/DFrobot_BMP280.cpp.o
                0x0000000000089cf8                DFRobot_BMP280::setConfigTStandby(DFRobot_BMP280::eConfigTStandby_t)
 .text._ZN14DFRobot_BMP2805beginEv
                0x0000000000089d1c       0x68 /home/salem/catkin_ws/src/interactive_mcu/build/libraries/DFRobot_BMP280-master/DFrobot_BMP280.cpp.o
                0x0000000000089d1c                DFRobot_BMP280::begin()
 .text._ZN18DFRobot_BMP280_IICC2EP7TwoWireNS_6eSdo_tE
                0x0000000000089d84       0x18 /home/salem/catkin_ws/src/interactive_mcu/build/libraries/DFRobot_BMP280-master/DFrobot_BMP280.cpp.o
                0x0000000000089d84                DFRobot_BMP280_IIC::DFRobot_BMP280_IIC(TwoWire*, DFRobot_BMP280_IIC::eSdo_t)
                0x0000000000089d84                DFRobot_BMP280_IIC::DFRobot_BMP280_IIC(TwoWire*, DFRobot_BMP280_IIC::eSdo_t)
 .text._ZN7TwoWire5writeEPKhj
                0x0000000000089d9c       0x50 /home/salem/catkin_ws/src/interactive_mcu/build/libraries/Wire/Wire.cpp.o
                0x0000000000089d9c                TwoWire::write(unsigned char const*, unsigned int)
 .text._ZN7TwoWire9availableEv
                0x0000000000089dec        0xc /home/salem/catkin_ws/src/interactive_mcu/build/libraries/Wire/Wire.cpp.o
                0x0000000000089dec                TwoWire::available()
 .text._ZN7TwoWire4readEv
                0x0000000000089df8       0x1e /home/salem/catkin_ws/src/interactive_mcu/build/libraries/Wire/Wire.cpp.o
                0x0000000000089df8                TwoWire::read()
 .text._ZN7TwoWire4peekEv
                0x0000000000089e16       0x16 /home/salem/catkin_ws/src/interactive_mcu/build/libraries/Wire/Wire.cpp.o
                0x0000000000089e16                TwoWire::peek()
 .text._ZN7TwoWire5flushEv
                0x0000000000089e2c        0x2 /home/salem/catkin_ws/src/interactive_mcu/build/libraries/Wire/Wire.cpp.o
                0x0000000000089e2c                TwoWire::flush()
 .text._ZN7TwoWire5writeEh
                0x0000000000089e2e       0x3a /home/salem/catkin_ws/src/interactive_mcu/build/libraries/Wire/Wire.cpp.o
                0x0000000000089e2e                TwoWire::write(unsigned char)
 .text._ZL16TWI_WaitByteSentP3Twim.constprop.3
                0x0000000000089e68       0x2c /home/salem/catkin_ws/src/interactive_mcu/build/libraries/Wire/Wire.cpp.o
 .text._ZL24TWI_WaitTransferCompleteP3Twim.constprop.4
                0x0000000000089e94       0x2c /home/salem/catkin_ws/src/interactive_mcu/build/libraries/Wire/Wire.cpp.o
 .text._ZL9Wire_Initv
                0x0000000000089ec0       0x54 /home/salem/catkin_ws/src/interactive_mcu/build/libraries/Wire/Wire.cpp.o
 .text._ZL12Wire1_Deinitv
                0x0000000000089f14       0x18 /home/salem/catkin_ws/src/interactive_mcu/build/libraries/Wire/Wire.cpp.o
 .text._ZL11Wire_Deinitv
                0x0000000000089f2c       0x18 /home/salem/catkin_ws/src/interactive_mcu/build/libraries/Wire/Wire.cpp.o
 .text._ZL10Wire1_Initv
                0x0000000000089f44       0x54 /home/salem/catkin_ws/src/interactive_mcu/build/libraries/Wire/Wire.cpp.o
 .text._ZN7TwoWireC2EP3TwiPFvvES3_
                0x0000000000089f98       0x48 /home/salem/catkin_ws/src/interactive_mcu/build/libraries/Wire/Wire.cpp.o
                0x0000000000089f98                TwoWire::TwoWire(Twi*, void (*)(), void (*)())
                0x0000000000089f98                TwoWire::TwoWire(Twi*, void (*)(), void (*)())
 .text._ZN7TwoWire5beginEv
                0x0000000000089fe0       0x30 /home/salem/catkin_ws/src/interactive_mcu/build/libraries/Wire/Wire.cpp.o
                0x0000000000089fe0                TwoWire::begin()
 .text._ZN7TwoWire11requestFromEhhmhh
                0x000000000008a010       0x78 /home/salem/catkin_ws/src/interactive_mcu/build/libraries/Wire/Wire.cpp.o
                0x000000000008a010                TwoWire::requestFrom(unsigned char, unsigned char, unsigned long, unsigned char, unsigned char)
 .text._ZN7TwoWire11requestFromEhhh
                0x000000000008a088       0x12 /home/salem/catkin_ws/src/interactive_mcu/build/libraries/Wire/Wire.cpp.o
                0x000000000008a088                TwoWire::requestFrom(unsigned char, unsigned char, unsigned char)
 .text._ZN7TwoWire11requestFromEhh
                0x000000000008a09a        0x6 /home/salem/catkin_ws/src/interactive_mcu/build/libraries/Wire/Wire.cpp.o
                0x000000000008a09a                TwoWire::requestFrom(unsigned char, unsigned char)
 .text._ZN7TwoWire11requestFromEii
                0x000000000008a0a0        0xa /home/salem/catkin_ws/src/interactive_mcu/build/libraries/Wire/Wire.cpp.o
                0x000000000008a0a0                TwoWire::requestFrom(int, int)
 .text._ZN7TwoWire17beginTransmissionEh
                0x000000000008a0aa       0x12 /home/salem/catkin_ws/src/interactive_mcu/build/libraries/Wire/Wire.cpp.o
                0x000000000008a0aa                TwoWire::beginTransmission(unsigned char)
 .text._ZN7TwoWire15endTransmissionEh
                0x000000000008a0bc       0x82 /home/salem/catkin_ws/src/interactive_mcu/build/libraries/Wire/Wire.cpp.o
                0x000000000008a0bc                TwoWire::endTransmission(unsigned char)
 .text._ZN7TwoWire15endTransmissionEv
                0x000000000008a13e        0x6 /home/salem/catkin_ws/src/interactive_mcu/build/libraries/Wire/Wire.cpp.o
                0x000000000008a13e                TwoWire::endTransmission()
 .text._ZN7TwoWire9onServiceEv
                0x000000000008a144      0x118 /home/salem/catkin_ws/src/interactive_mcu/build/libraries/Wire/Wire.cpp.o
                0x000000000008a144                TwoWire::onService()
 .text.TWI1_Handler
                0x000000000008a25c        0xc /home/salem/catkin_ws/src/interactive_mcu/build/libraries/Wire/Wire.cpp.o
                0x000000000008a25c                TWI1_Handler
 .text.TWI0_Handler
                0x000000000008a268        0xc /home/salem/catkin_ws/src/interactive_mcu/build/libraries/Wire/Wire.cpp.o
                0x000000000008a268                TWI0_Handler
 .text.startup._GLOBAL__sub_I__ZN7TwoWireC2EP3TwiPFvvES3_
                0x000000000008a274       0x40 /home/salem/catkin_ws/src/interactive_mcu/build/libraries/Wire/Wire.cpp.o
 .text._ZN18DFRobot_BNO055_IIC8writeRegEhPhh
                0x000000000008a2b4       0x46 /home/salem/catkin_ws/src/interactive_mcu/build/libraries/DFRobot_BNO055-master/DFRobot_BNO055.cpp.o
                0x000000000008a2b4                DFRobot_BNO055_IIC::writeReg(unsigned char, unsigned char*, unsigned char)
 .text._ZN18DFRobot_BNO055_IIC7readRegEhPhh
                0x000000000008a2fa       0x54 /home/salem/catkin_ws/src/interactive_mcu/build/libraries/DFRobot_BNO055-master/DFRobot_BNO055.cpp.o
                0x000000000008a2fa                DFRobot_BNO055_IIC::readReg(unsigned char, unsigned char*, unsigned char)
 *fill*         0x000000000008a34e        0x2 
 .text._ZN14DFRobot_BNO0559setToPageEh
                0x000000000008a350       0x3c /home/salem/catkin_ws/src/interactive_mcu/build/libraries/DFRobot_BNO055-master/DFRobot_BNO055.cpp.o
                0x000000000008a350                DFRobot_BNO055::setToPage(unsigned char)
 .text._ZN14DFRobot_BNO0556getRegEhh
                0x000000000008a38c       0x24 /home/salem/catkin_ws/src/interactive_mcu/build/libraries/DFRobot_BNO055-master/DFRobot_BNO055.cpp.o
                0x000000000008a38c                DFRobot_BNO055::getReg(unsigned char, unsigned char)
 .text._ZN14DFRobot_BNO0557setUnitEv
                0x000000000008a3b0       0x44 /home/salem/catkin_ws/src/interactive_mcu/build/libraries/DFRobot_BNO055-master/DFRobot_BNO055.cpp.o
                0x000000000008a3b0                DFRobot_BNO055::setUnit()
 .text._ZN14DFRobot_BNO05512writeRegBitsEhhh
                0x000000000008a3f4       0x3e /home/salem/catkin_ws/src/interactive_mcu/build/libraries/DFRobot_BNO055-master/DFRobot_BNO055.cpp.o
                0x000000000008a3f4                DFRobot_BNO055::writeRegBits(unsigned char, unsigned char, unsigned char)
 *fill*         0x000000000008a432        0x2 
 .text._ZN14DFRobot_BNO05516setAxisMapConfigENS_12eMapConfig_tE
                0x000000000008a434       0x3c /home/salem/catkin_ws/src/interactive_mcu/build/libraries/DFRobot_BNO055-master/DFRobot_BNO055.cpp.o
                0x000000000008a434                DFRobot_BNO055::setAxisMapConfig(DFRobot_BNO055::eMapConfig_t)
 .text._ZN14DFRobot_BNO05510setOprModeENS_10eOprMode_tE
                0x000000000008a470       0x3c /home/salem/catkin_ws/src/interactive_mcu/build/libraries/DFRobot_BNO055-master/DFRobot_BNO055.cpp.o
                0x000000000008a470                DFRobot_BNO055::setOprMode(DFRobot_BNO055::eOprMode_t)
 .text._ZN14DFRobot_BNO05512setPowerModeENS_12ePowerMode_tE
                0x000000000008a4ac       0x34 /home/salem/catkin_ws/src/interactive_mcu/build/libraries/DFRobot_BNO055-master/DFRobot_BNO055.cpp.o
                0x000000000008a4ac                DFRobot_BNO055::setPowerMode(DFRobot_BNO055::ePowerMode_t)
 .text._ZN14DFRobot_BNO0555resetEv
                0x000000000008a4e0       0x2c /home/salem/catkin_ws/src/interactive_mcu/build/libraries/DFRobot_BNO055-master/DFRobot_BNO055.cpp.o
                0x000000000008a4e0                DFRobot_BNO055::reset()
 .text._ZN14DFRobot_BNO05511setAccRangeENS_11eAccRange_tE
                0x000000000008a50c       0x3c /home/salem/catkin_ws/src/interactive_mcu/build/libraries/DFRobot_BNO055-master/DFRobot_BNO055.cpp.o
                0x000000000008a50c                DFRobot_BNO055::setAccRange(DFRobot_BNO055::eAccRange_t)
 .text._ZN14DFRobot_BNO05511setGyrRangeENS_11eGyrRange_tE
                0x000000000008a548       0x3c /home/salem/catkin_ws/src/interactive_mcu/build/libraries/DFRobot_BNO055-master/DFRobot_BNO055.cpp.o
                0x000000000008a548                DFRobot_BNO055::setGyrRange(DFRobot_BNO055::eGyrRange_t)
 .text._ZN14DFRobot_BNO0555beginEv
                0x000000000008a584       0xa8 /home/salem/catkin_ws/src/interactive_mcu/build/libraries/DFRobot_BNO055-master/DFRobot_BNO055.cpp.o
                0x000000000008a584                DFRobot_BNO055::begin()
 .text._ZN18DFRobot_BNO055_IICC2EP7TwoWireh
                0x000000000008a62c       0x18 /home/salem/catkin_ws/src/interactive_mcu/build/libraries/DFRobot_BNO055-master/DFRobot_BNO055.cpp.o
                0x000000000008a62c                DFRobot_BNO055_IIC::DFRobot_BNO055_IIC(TwoWire*, unsigned char)
                0x000000000008a62c                DFRobot_BNO055_IIC::DFRobot_BNO055_IIC(TwoWire*, unsigned char)
 .text._ZN13HerkulexClass9checksum1EPhi
                0x000000000008a644       0x26 /home/salem/catkin_ws/src/interactive_mcu/build/libraries/Herkulex/Herkulex.cpp.o
                0x000000000008a644                HerkulexClass::checksum1(unsigned char*, int)
 .text._ZN13HerkulexClass7addDataEiiii
                0x000000000008a66a       0x1e /home/salem/catkin_ws/src/interactive_mcu/build/libraries/Herkulex/Herkulex.cpp.o
                0x000000000008a66a                HerkulexClass::addData(int, int, int, int)
 .text._ZN13HerkulexClass7moveAllEiii
                0x000000000008a688       0x4c /home/salem/catkin_ws/src/interactive_mcu/build/libraries/Herkulex/Herkulex.cpp.o
                0x000000000008a688                HerkulexClass::moveAll(int, int, int)
 *fill*         0x000000000008a6d4        0x4 
 .text._ZN13HerkulexClass12moveAllAngleEifi
                0x000000000008a6d8       0x60 /home/salem/catkin_ws/src/interactive_mcu/build/libraries/Herkulex/Herkulex.cpp.o
                0x000000000008a6d8                HerkulexClass::moveAllAngle(int, float, int)
 .text._ZN13HerkulexClass12beginSerial1El
                0x000000000008a738       0x14 /home/salem/catkin_ws/src/interactive_mcu/build/libraries/Herkulex/Herkulex.cpp.o
                0x000000000008a738                HerkulexClass::beginSerial1(long)
 .text._ZN13HerkulexClass8readDataEi
                0x000000000008a74c      0x1f0 /home/salem/catkin_ws/src/interactive_mcu/build/libraries/Herkulex/Herkulex.cpp.o
                0x000000000008a74c                HerkulexClass::readData(int)
 .text._ZN13HerkulexClass11clearBufferEv
                0x000000000008a93c       0x94 /home/salem/catkin_ws/src/interactive_mcu/build/libraries/Herkulex/Herkulex.cpp.o
                0x000000000008a93c                HerkulexClass::clearBuffer()
 .text._ZN13HerkulexClass8sendDataEPhi
                0x000000000008a9d0       0x4c /home/salem/catkin_ws/src/interactive_mcu/build/libraries/Herkulex/Herkulex.cpp.o
                0x000000000008a9d0                HerkulexClass::sendData(unsigned char*, int)
 .text._ZN13HerkulexClass4statEi
                0x000000000008aa1c       0xa4 /home/salem/catkin_ws/src/interactive_mcu/build/libraries/Herkulex/Herkulex.cpp.o
                0x000000000008aa1c                HerkulexClass::stat(int)
 .text._ZN13HerkulexClass8torqueONEi
                0x000000000008aac0       0x7e /home/salem/catkin_ws/src/interactive_mcu/build/libraries/Herkulex/Herkulex.cpp.o
                0x000000000008aac0                HerkulexClass::torqueON(int)
 .text._ZN13HerkulexClass3ACKEi
                0x000000000008ab3e       0x7e /home/salem/catkin_ws/src/interactive_mcu/build/libraries/Herkulex/Herkulex.cpp.o
                0x000000000008ab3e                HerkulexClass::ACK(int)
 .text._ZN13HerkulexClass10clearErrorEi
                0x000000000008abbc       0x8c /home/salem/catkin_ws/src/interactive_mcu/build/libraries/Herkulex/Herkulex.cpp.o
                0x000000000008abbc                HerkulexClass::clearError(int)
 .text._ZN13HerkulexClass10initializeEv
                0x000000000008ac48       0x3e /home/salem/catkin_ws/src/interactive_mcu/build/libraries/Herkulex/Herkulex.cpp.o
                0x000000000008ac48                HerkulexClass::initialize()
 *fill*         0x000000000008ac86        0x2 
 .text._ZN13HerkulexClass9actionAllEi
                0x000000000008ac88       0xa4 /home/salem/catkin_ws/src/interactive_mcu/build/libraries/Herkulex/Herkulex.cpp.o
                0x000000000008ac88                HerkulexClass::actionAll(int)
 .text._ZN13HerkulexClass11getPositionEi
                0x000000000008ad2c       0xcc /home/salem/catkin_ws/src/interactive_mcu/build/libraries/Herkulex/Herkulex.cpp.o
                0x000000000008ad2c                HerkulexClass::getPosition(int)
 .text._ZN13HerkulexClass8getAngleEi
                0x000000000008adf8       0x58 /home/salem/catkin_ws/src/interactive_mcu/build/libraries/Herkulex/Herkulex.cpp.o
                0x000000000008adf8                HerkulexClass::getAngle(int)
 .text._ZN13HerkulexClass6rebootEi
                0x000000000008ae50       0x48 /home/salem/catkin_ws/src/interactive_mcu/build/libraries/Herkulex/Herkulex.cpp.o
                0x000000000008ae50                HerkulexClass::reboot(int)
 .text._Z11serialEventv
                0x000000000008ae98        0x2 /home/salem/catkin_ws/src/interactive_mcu/build/core/variant.cpp.o
                0x000000000008ae98                serialEvent()
 *fill*         0x000000000008ae9a        0x2 
 .text.UART_Handler
                0x000000000008ae9c        0xc /home/salem/catkin_ws/src/interactive_mcu/build/core/variant.cpp.o
                0x000000000008ae9c                UART_Handler
 .text._Z12serialEvent1v
                0x000000000008aea8        0x2 /home/salem/catkin_ws/src/interactive_mcu/build/core/variant.cpp.o
                0x000000000008aea8                serialEvent1()
 .text._Z12serialEvent2v
                0x000000000008aeaa        0x2 /home/salem/catkin_ws/src/interactive_mcu/build/core/variant.cpp.o
                0x000000000008aeaa                serialEvent2()
 .text._Z12serialEvent3v
                0x000000000008aeac        0x2 /home/salem/catkin_ws/src/interactive_mcu/build/core/variant.cpp.o
                0x000000000008aeac                serialEvent3()
 *fill*         0x000000000008aeae        0x2 
 .text.USART0_Handler
                0x000000000008aeb0        0xc /home/salem/catkin_ws/src/interactive_mcu/build/core/variant.cpp.o
                0x000000000008aeb0                USART0_Handler
 .text.USART1_Handler
                0x000000000008aebc        0xc /home/salem/catkin_ws/src/interactive_mcu/build/core/variant.cpp.o
                0x000000000008aebc                USART1_Handler
 .text.USART3_Handler
                0x000000000008aec8        0xc /home/salem/catkin_ws/src/interactive_mcu/build/core/variant.cpp.o
                0x000000000008aec8                USART3_Handler
 .text.init     0x000000000008aed4      0x128 /home/salem/catkin_ws/src/interactive_mcu/build/core/variant.cpp.o
                0x000000000008aed4                init
 .text.startup._GLOBAL__sub_I_g_APinDescription
                0x000000000008affc       0xd4 /home/salem/catkin_ws/src/interactive_mcu/build/core/variant.cpp.o
 .text._Z14serialEventRunv
                0x000000000008b0d0       0x44 /home/salem/catkin_ws/src/interactive_mcu/build/core/variant.cpp.o
                0x000000000008b0d0                serialEventRun()
 .text.PIO_PullUp
                0x000000000008b114        0xa /home/salem/.arduino15/packages/arduino/hardware/sam/1.6.12/variants/arduino_due_x/libsam_sam3x8e_gcc_rel.a(pio.o)
                0x000000000008b114                PIO_PullUp
 .text.PIO_Get  0x000000000008b11e       0x14 /home/salem/.arduino15/packages/arduino/hardware/sam/1.6.12/variants/arduino_due_x/libsam_sam3x8e_gcc_rel.a(pio.o)
                0x000000000008b11e                PIO_Get
 .text.PIO_SetPeripheral
                0x000000000008b132       0x26 /home/salem/.arduino15/packages/arduino/hardware/sam/1.6.12/variants/arduino_due_x/libsam_sam3x8e_gcc_rel.a(pio.o)
                0x000000000008b132                PIO_SetPeripheral
 .text.PIO_SetInput
                0x000000000008b158       0x26 /home/salem/.arduino15/packages/arduino/hardware/sam/1.6.12/variants/arduino_due_x/libsam_sam3x8e_gcc_rel.a(pio.o)
                0x000000000008b158                PIO_SetInput
 .text.PIO_SetOutput
                0x000000000008b17e       0x24 /home/salem/.arduino15/packages/arduino/hardware/sam/1.6.12/variants/arduino_due_x/libsam_sam3x8e_gcc_rel.a(pio.o)
                0x000000000008b17e                PIO_SetOutput
 *fill*         0x000000000008b1a2        0x2 
 .text.PIO_Configure
                0x000000000008b1a4       0x64 /home/salem/.arduino15/packages/arduino/hardware/sam/1.6.12/variants/arduino_due_x/libsam_sam3x8e_gcc_rel.a(pio.o)
                0x000000000008b1a4                PIO_Configure
 .text.PIO_GetOutputDataStatus
                0x000000000008b208       0x14 /home/salem/.arduino15/packages/arduino/hardware/sam/1.6.12/variants/arduino_due_x/libsam_sam3x8e_gcc_rel.a(pio.o)
                0x000000000008b208                PIO_GetOutputDataStatus
 .text.pmc_enable_upll_clock
                0x000000000008b21c       0x14 /home/salem/.arduino15/packages/arduino/hardware/sam/1.6.12/variants/arduino_due_x/libsam_sam3x8e_gcc_rel.a(pmc.o)
                0x000000000008b21c                pmc_enable_upll_clock
 .text.pmc_enable_periph_clk
                0x000000000008b230       0x44 /home/salem/.arduino15/packages/arduino/hardware/sam/1.6.12/variants/arduino_due_x/libsam_sam3x8e_gcc_rel.a(pmc.o)
                0x000000000008b230                pmc_enable_periph_clk
 .text.pmc_disable_periph_clk
                0x000000000008b274       0x40 /home/salem/.arduino15/packages/arduino/hardware/sam/1.6.12/variants/arduino_due_x/libsam_sam3x8e_gcc_rel.a(pmc.o)
                0x000000000008b274                pmc_disable_periph_clk
 .text.pmc_switch_udpck_to_upllck
                0x000000000008b2b4       0x14 /home/salem/.arduino15/packages/arduino/hardware/sam/1.6.12/variants/arduino_due_x/libsam_sam3x8e_gcc_rel.a(pmc.o)
                0x000000000008b2b4                pmc_switch_udpck_to_upllck
 .text.pmc_enable_udpck
                0x000000000008b2c8        0xc /home/salem/.arduino15/packages/arduino/hardware/sam/1.6.12/variants/arduino_due_x/libsam_sam3x8e_gcc_rel.a(pmc.o)
                0x000000000008b2c8                pmc_enable_udpck
 .text.pmc_set_writeprotect
                0x000000000008b2d4       0x1c /home/salem/.arduino15/packages/arduino/hardware/sam/1.6.12/variants/arduino_due_x/libsam_sam3x8e_gcc_rel.a(pmc.o)
                0x000000000008b2d4                pmc_set_writeprotect
 .text.TC_Configure
                0x000000000008b2f0       0x38 /home/salem/.arduino15/packages/arduino/hardware/sam/1.6.12/variants/arduino_due_x/libsam_sam3x8e_gcc_rel.a(tc.o)
                0x000000000008b2f0                TC_Configure
 .text.TC_Start
                0x000000000008b328       0x2c /home/salem/.arduino15/packages/arduino/hardware/sam/1.6.12/variants/arduino_due_x/libsam_sam3x8e_gcc_rel.a(tc.o)
                0x000000000008b328                TC_Start
 .text.TC_Stop  0x000000000008b354       0x2c /home/salem/.arduino15/packages/arduino/hardware/sam/1.6.12/variants/arduino_due_x/libsam_sam3x8e_gcc_rel.a(tc.o)
                0x000000000008b354                TC_Stop
 .text.TC_SetRA
                0x000000000008b380        0x8 /home/salem/.arduino15/packages/arduino/hardware/sam/1.6.12/variants/arduino_due_x/libsam_sam3x8e_gcc_rel.a(tc.o)
                0x000000000008b380                TC_SetRA
 .text.TC_SetRB
                0x000000000008b388        0x8 /home/salem/.arduino15/packages/arduino/hardware/sam/1.6.12/variants/arduino_due_x/libsam_sam3x8e_gcc_rel.a(tc.o)
                0x000000000008b388                TC_SetRB
 .text.TC_SetRC
                0x000000000008b390        0x8 /home/salem/.arduino15/packages/arduino/hardware/sam/1.6.12/variants/arduino_due_x/libsam_sam3x8e_gcc_rel.a(tc.o)
                0x000000000008b390                TC_SetRC
 .text.TWI_SetClock
                0x000000000008b398       0x58 /home/salem/.arduino15/packages/arduino/hardware/sam/1.6.12/variants/arduino_due_x/libsam_sam3x8e_gcc_rel.a(twi.o)
                0x000000000008b398                TWI_SetClock
 .text.TWI_Disable
                0x000000000008b3f0       0x2c /home/salem/.arduino15/packages/arduino/hardware/sam/1.6.12/variants/arduino_due_x/libsam_sam3x8e_gcc_rel.a(twi.o)
                0x000000000008b3f0                TWI_Disable
 .text.TWI_ConfigureMaster
                0x000000000008b41c       0x48 /home/salem/.arduino15/packages/arduino/hardware/sam/1.6.12/variants/arduino_due_x/libsam_sam3x8e_gcc_rel.a(twi.o)
                0x000000000008b41c                TWI_ConfigureMaster
 .text.TWI_Stop
                0x000000000008b464       0x28 /home/salem/.arduino15/packages/arduino/hardware/sam/1.6.12/variants/arduino_due_x/libsam_sam3x8e_gcc_rel.a(twi.o)
                0x000000000008b464                TWI_Stop
 .text.TWI_StartRead
                0x000000000008b48c       0x70 /home/salem/.arduino15/packages/arduino/hardware/sam/1.6.12/variants/arduino_due_x/libsam_sam3x8e_gcc_rel.a(twi.o)
                0x000000000008b48c                TWI_StartRead
 .text.TWI_ReadByte
                0x000000000008b4fc       0x28 /home/salem/.arduino15/packages/arduino/hardware/sam/1.6.12/variants/arduino_due_x/libsam_sam3x8e_gcc_rel.a(twi.o)
                0x000000000008b4fc                TWI_ReadByte
 .text.TWI_WriteByte
                0x000000000008b524       0x24 /home/salem/.arduino15/packages/arduino/hardware/sam/1.6.12/variants/arduino_due_x/libsam_sam3x8e_gcc_rel.a(twi.o)
                0x000000000008b524                TWI_WriteByte
 .text.TWI_StartWrite
                0x000000000008b548       0x7c /home/salem/.arduino15/packages/arduino/hardware/sam/1.6.12/variants/arduino_due_x/libsam_sam3x8e_gcc_rel.a(twi.o)
                0x000000000008b548                TWI_StartWrite
 .text.TWI_EnableIt
                0x000000000008b5c4       0x40 /home/salem/.arduino15/packages/arduino/hardware/sam/1.6.12/variants/arduino_due_x/libsam_sam3x8e_gcc_rel.a(twi.o)
                0x000000000008b5c4                TWI_EnableIt
 .text.TWI_DisableIt
                0x000000000008b604       0x40 /home/salem/.arduino15/packages/arduino/hardware/sam/1.6.12/variants/arduino_due_x/libsam_sam3x8e_gcc_rel.a(twi.o)
                0x000000000008b604                TWI_DisableIt
 .text.TWI_GetStatus
                0x000000000008b644       0x28 /home/salem/.arduino15/packages/arduino/hardware/sam/1.6.12/variants/arduino_due_x/libsam_sam3x8e_gcc_rel.a(twi.o)
                0x000000000008b644                TWI_GetStatus
 .text.TWI_SendSTOPCondition
                0x000000000008b66c       0x2c /home/salem/.arduino15/packages/arduino/hardware/sam/1.6.12/variants/arduino_due_x/libsam_sam3x8e_gcc_rel.a(twi.o)
                0x000000000008b66c                TWI_SendSTOPCondition
 .text.SystemInit
                0x000000000008b698       0x88 /home/salem/.arduino15/packages/arduino/hardware/sam/1.6.12/variants/arduino_due_x/libsam_sam3x8e_gcc_rel.a(system_sam3xa.o)
                0x000000000008b698                SystemInit
 .text.Reset_Handler
                0x000000000008b720       0x78 /home/salem/.arduino15/packages/arduino/hardware/sam/1.6.12/variants/arduino_due_x/libsam_sam3x8e_gcc_rel.a(startup_sam3xa.o)
                0x000000000008b720                Reset_Handler
 .text.adc_init
                0x000000000008b798       0x98 /home/salem/.arduino15/packages/arduino/hardware/sam/1.6.12/variants/arduino_due_x/libsam_sam3x8e_gcc_rel.a(adc.o)
                0x000000000008b798                adc_init
 .text.adc_configure_trigger
                0x000000000008b830        0xe /home/salem/.arduino15/packages/arduino/hardware/sam/1.6.12/variants/arduino_due_x/libsam_sam3x8e_gcc_rel.a(adc.o)
                0x000000000008b830                adc_configure_trigger
 .text.adc_configure_timing
                0x000000000008b83e       0x1a /home/salem/.arduino15/packages/arduino/hardware/sam/1.6.12/variants/arduino_due_x/libsam_sam3x8e_gcc_rel.a(adc.o)
                0x000000000008b83e                adc_configure_timing
 .text.adc_start
                0x000000000008b858        0x6 /home/salem/.arduino15/packages/arduino/hardware/sam/1.6.12/variants/arduino_due_x/libsam_sam3x8e_gcc_rel.a(adc.o)
                0x000000000008b858                adc_start
 .text.adc_enable_channel
                0x000000000008b85e        0xa /home/salem/.arduino15/packages/arduino/hardware/sam/1.6.12/variants/arduino_due_x/libsam_sam3x8e_gcc_rel.a(adc.o)
                0x000000000008b85e                adc_enable_channel
 .text.adc_disable_channel
                0x000000000008b868        0xa /home/salem/.arduino15/packages/arduino/hardware/sam/1.6.12/variants/arduino_due_x/libsam_sam3x8e_gcc_rel.a(adc.o)
                0x000000000008b868                adc_disable_channel
 .text.adc_disable_all_channel
                0x000000000008b872        0x8 /home/salem/.arduino15/packages/arduino/hardware/sam/1.6.12/variants/arduino_due_x/libsam_sam3x8e_gcc_rel.a(adc.o)
                0x000000000008b872                adc_disable_all_channel
 .text.adc_get_channel_status
                0x000000000008b87a        0xa /home/salem/.arduino15/packages/arduino/hardware/sam/1.6.12/variants/arduino_due_x/libsam_sam3x8e_gcc_rel.a(adc.o)
                0x000000000008b87a                adc_get_channel_status
 .text.adc_get_latest_value
                0x000000000008b884        0x4 /home/salem/.arduino15/packages/arduino/hardware/sam/1.6.12/variants/arduino_due_x/libsam_sam3x8e_gcc_rel.a(adc.o)
                0x000000000008b884                adc_get_latest_value
 .text.adc_disable_interrupt
                0x000000000008b888        0x4 /home/salem/.arduino15/packages/arduino/hardware/sam/1.6.12/variants/arduino_due_x/libsam_sam3x8e_gcc_rel.a(adc.o)
                0x000000000008b888                adc_disable_interrupt
 .text.adc_get_status
                0x000000000008b88c        0x4 /home/salem/.arduino15/packages/arduino/hardware/sam/1.6.12/variants/arduino_due_x/libsam_sam3x8e_gcc_rel.a(adc.o)
                0x000000000008b88c                adc_get_status
 .text.UOTGHS_Handler
                0x000000000008b890       0x10 /home/salem/.arduino15/packages/arduino/hardware/sam/1.6.12/variants/arduino_due_x/libsam_sam3x8e_gcc_rel.a(uotghs.o)
                0x000000000008b890                UOTGHS_Handler
 .text.PIOA_Handler
                0x000000000008b8a0       0x38 /home/salem/catkin_ws/src/interactive_mcu/build/core/core.a(WInterrupts.c.o)
                0x000000000008b8a0                PIOA_Handler
 .text.PIOB_Handler
                0x000000000008b8d8       0x38 /home/salem/catkin_ws/src/interactive_mcu/build/core/core.a(WInterrupts.c.o)
                0x000000000008b8d8                PIOB_Handler
 .text.PIOC_Handler
                0x000000000008b910       0x38 /home/salem/catkin_ws/src/interactive_mcu/build/core/core.a(WInterrupts.c.o)
                0x000000000008b910                PIOC_Handler
 .text.PIOD_Handler
                0x000000000008b948       0x38 /home/salem/catkin_ws/src/interactive_mcu/build/core/core.a(WInterrupts.c.o)
                0x000000000008b948                PIOD_Handler
 .text.__halt   0x000000000008b980        0x2 /home/salem/catkin_ws/src/interactive_mcu/build/core/core.a(cortex_handlers.c.o)
                0x000000000008b980                DACC_Handler
                0x000000000008b980                DebugMon_Handler
                0x000000000008b980                DMAC_Handler
                0x000000000008b980                TRNG_Handler
                0x000000000008b980                HardFault_Handler
                0x000000000008b980                TC2_Handler
                0x000000000008b980                NMI_Handler
                0x000000000008b980                TC7_Handler
                0x000000000008b980                ADC_Handler
                0x000000000008b980                SMC_Handler
                0x000000000008b980                RTT_Handler
                0x000000000008b980                EFC1_Handler
                0x000000000008b980                RTC_Handler
                0x000000000008b980                UsageFault_Handler
                0x000000000008b980                TC6_Handler
                0x000000000008b980                WDT_Handler
                0x000000000008b980                CAN0_Handler
                0x000000000008b980                TC4_Handler
                0x000000000008b980                TC1_Handler
                0x000000000008b980                HSMCI_Handler
                0x000000000008b980                TC3_Handler
                0x000000000008b980                SSC_Handler
                0x000000000008b980                EFC0_Handler
                0x000000000008b980                PMC_Handler
                0x000000000008b980                PWM_Handler
                0x000000000008b980                CAN1_Handler
                0x000000000008b980                MemManage_Handler
                0x000000000008b980                SUPC_Handler
                0x000000000008b980                TC8_Handler
                0x000000000008b980                USART2_Handler
                0x000000000008b980                EMAC_Handler
                0x000000000008b980                BusFault_Handler
                0x000000000008b980                RSTC_Handler
                0x000000000008b980                TC0_Handler
                0x000000000008b980                TC5_Handler
                0x000000000008b980                SPI0_Handler
 .text.SVC_Handler
                0x000000000008b982        0x4 /home/salem/catkin_ws/src/interactive_mcu/build/core/core.a(cortex_handlers.c.o)
                0x000000000008b982                SVC_Handler
 .text.PendSV_Handler
                0x000000000008b986        0x4 /home/salem/catkin_ws/src/interactive_mcu/build/core/core.a(cortex_handlers.c.o)
                0x000000000008b986                PendSV_Handler
 .text.SysTick_Handler
                0x000000000008b98a       0x16 /home/salem/catkin_ws/src/interactive_mcu/build/core/core.a(cortex_handlers.c.o)
                0x000000000008b98a                SysTick_Handler
 .text.__empty  0x000000000008b9a0        0x2 /home/salem/catkin_ws/src/interactive_mcu/build/core/core.a(hooks.c.o)
                0x000000000008b9a0                yield
 .text.__false  0x000000000008b9a2        0x4 /home/salem/catkin_ws/src/interactive_mcu/build/core/core.a(hooks.c.o)
                0x000000000008b9a2                sysTickHook
 .text.__halt   0x000000000008b9a6        0x2 /home/salem/catkin_ws/src/interactive_mcu/build/core/core.a(hooks.c.o)
                0x000000000008b9a6                pendSVHook
                0x000000000008b9a6                svcHook
 .text._sbrk    0x000000000008b9a8       0x1c /home/salem/catkin_ws/src/interactive_mcu/build/core/core.a(syscalls_sam3.c.o)
                0x000000000008b9a8                _sbrk
 .text.link     0x000000000008b9c4        0x6 /home/salem/catkin_ws/src/interactive_mcu/build/core/core.a(syscalls_sam3.c.o)
                0x000000000008b9c4                link
 .text._close   0x000000000008b9ca        0x6 /home/salem/catkin_ws/src/interactive_mcu/build/core/core.a(syscalls_sam3.c.o)
                0x000000000008b9ca                _close
 .text._fstat   0x000000000008b9d0        0xa /home/salem/catkin_ws/src/interactive_mcu/build/core/core.a(syscalls_sam3.c.o)
                0x000000000008b9d0                _fstat
 .text._isatty  0x000000000008b9da        0x4 /home/salem/catkin_ws/src/interactive_mcu/build/core/core.a(syscalls_sam3.c.o)
                0x000000000008b9da                _isatty
 .text._lseek   0x000000000008b9de        0x4 /home/salem/catkin_ws/src/interactive_mcu/build/core/core.a(syscalls_sam3.c.o)
                0x000000000008b9de                _lseek
 .text._read    0x000000000008b9e2        0x4 /home/salem/catkin_ws/src/interactive_mcu/build/core/core.a(syscalls_sam3.c.o)
                0x000000000008b9e2                _read
 *fill*         0x000000000008b9e6        0x2 
 .text._write   0x000000000008b9e8       0x24 /home/salem/catkin_ws/src/interactive_mcu/build/core/core.a(syscalls_sam3.c.o)
                0x000000000008b9e8                _write
 .text._exit    0x000000000008ba0c        0x2 /home/salem/catkin_ws/src/interactive_mcu/build/core/core.a(syscalls_sam3.c.o)
                0x000000000008ba0c                _exit
 .text._kill    0x000000000008ba0e        0x2 /home/salem/catkin_ws/src/interactive_mcu/build/core/core.a(syscalls_sam3.c.o)
                0x000000000008ba0e                _kill
 .text._getpid  0x000000000008ba10        0x6 /home/salem/catkin_ws/src/interactive_mcu/build/core/core.a(syscalls_sam3.c.o)
                0x000000000008ba10                _getpid
 .text.millis   0x000000000008ba16        0x4 /home/salem/catkin_ws/src/interactive_mcu/build/core/core.a(wiring.c.o)
                0x000000000008ba16                millis
 *fill*         0x000000000008ba1a        0x2 
 .text.micros   0x000000000008ba1c       0x74 /home/salem/catkin_ws/src/interactive_mcu/build/core/core.a(wiring.c.o)
                0x000000000008ba1c                micros
 .text.delay    0x000000000008ba90       0x1c /home/salem/catkin_ws/src/interactive_mcu/build/core/core.a(wiring.c.o)
                0x000000000008ba90                delay
 .text.mapResolution
                0x000000000008baac       0x12 /home/salem/catkin_ws/src/interactive_mcu/build/core/core.a(wiring_analog.c.o)
 *fill*         0x000000000008babe        0x2 
 .text.analogRead
                0x000000000008bac0       0x9c /home/salem/catkin_ws/src/interactive_mcu/build/core/core.a(wiring_analog.c.o)
                0x000000000008bac0                analogRead
 .text.analogOutputInit
                0x000000000008bb5c        0x2 /home/salem/catkin_ws/src/interactive_mcu/build/core/core.a(wiring_analog.c.o)
                0x000000000008bb5c                analogOutputInit
 *fill*         0x000000000008bb5e        0x2 
 .text.analogWrite
                0x000000000008bb60      0x2c0 /home/salem/catkin_ws/src/interactive_mcu/build/core/core.a(wiring_analog.c.o)
                0x000000000008bb60                analogWrite
 .text.pinMode  0x000000000008be20      0x108 /home/salem/catkin_ws/src/interactive_mcu/build/core/core.a(wiring_digital.c.o)
                0x000000000008be20                pinMode
 .text.digitalWrite
                0x000000000008bf28       0x70 /home/salem/catkin_ws/src/interactive_mcu/build/core/core.a(wiring_digital.c.o)
                0x000000000008bf28                digitalWrite
 .text.digitalRead
                0x000000000008bf98       0x44 /home/salem/catkin_ws/src/interactive_mcu/build/core/core.a(wiring_digital.c.o)
                0x000000000008bf98                digitalRead
 .text._ZN5Print5writeEPKhj
                0x000000000008bfdc       0x22 /home/salem/catkin_ws/src/interactive_mcu/build/core/core.a(Print.cpp.o)
                0x000000000008bfdc                Print::write(unsigned char const*, unsigned int)
 *fill*         0x000000000008bffe        0x2 
 .text.initiateReset
                0x000000000008c000        0xc /home/salem/catkin_ws/src/interactive_mcu/build/core/core.a(Reset.cpp.o)
                0x000000000008c000                initiateReset
 .text.cancelReset
                0x000000000008c00c       0x10 /home/salem/catkin_ws/src/interactive_mcu/build/core/core.a(Reset.cpp.o)
                0x000000000008c00c                cancelReset
 .text.tickReset
                0x000000000008c01c       0x20 /home/salem/catkin_ws/src/interactive_mcu/build/core/core.a(Reset.cpp.o)
                0x000000000008c01c                tickReset
 .text._ZN10RingBufferC2Ev
                0x000000000008c03c       0x1a /home/salem/catkin_ws/src/interactive_mcu/build/core/core.a(RingBuffer.cpp.o)
                0x000000000008c03c                RingBuffer::RingBuffer()
                0x000000000008c03c                RingBuffer::RingBuffer()
 .text._ZN10RingBuffer10store_charEh
                0x000000000008c056       0x1e /home/salem/catkin_ws/src/interactive_mcu/build/core/core.a(RingBuffer.cpp.o)
                0x000000000008c056                RingBuffer::store_char(unsigned char)
 .text._ZN9UARTClasscvbEv
                0x000000000008c074        0x4 /home/salem/catkin_ws/src/interactive_mcu/build/core/core.a(UARTClass.cpp.o)
                0x000000000008c074                UARTClass::operator bool()
 .text._ZN9UARTClass9availableEv
                0x000000000008c078       0x12 /home/salem/catkin_ws/src/interactive_mcu/build/core/core.a(UARTClass.cpp.o)
                0x000000000008c078                UARTClass::available()
 .text._ZN9UARTClass4peekEv
                0x000000000008c08a       0x1c /home/salem/catkin_ws/src/interactive_mcu/build/core/core.a(UARTClass.cpp.o)
                0x000000000008c08a                UARTClass::peek()
 .text._ZN9UARTClass4readEv
                0x000000000008c0a6       0x2a /home/salem/catkin_ws/src/interactive_mcu/build/core/core.a(UARTClass.cpp.o)
                0x000000000008c0a6                UARTClass::read()
 .text._ZN9UARTClass5flushEv
                0x000000000008c0d0       0x18 /home/salem/catkin_ws/src/interactive_mcu/build/core/core.a(UARTClass.cpp.o)
                0x000000000008c0d0                UARTClass::flush()
 .text._ZN9UARTClass5writeEh
                0x000000000008c0e8       0x54 /home/salem/catkin_ws/src/interactive_mcu/build/core/core.a(UARTClass.cpp.o)
                0x000000000008c0e8                UARTClass::write(unsigned char)
 .text._ZN9UARTClass3endEv
                0x000000000008c13c       0x3c /home/salem/catkin_ws/src/interactive_mcu/build/core/core.a(UARTClass.cpp.o)
                0x000000000008c13c                UARTClass::end()
 .text._ZN9UARTClassC2EP4Uart4IRQnmP10RingBufferS4_
                0x000000000008c178       0x24 /home/salem/catkin_ws/src/interactive_mcu/build/core/core.a(UARTClass.cpp.o)
                0x000000000008c178                UARTClass::UARTClass(Uart*, IRQn, unsigned long, RingBuffer*, RingBuffer*)
                0x000000000008c178                UARTClass::UARTClass(Uart*, IRQn, unsigned long, RingBuffer*, RingBuffer*)
 .text._ZN9UARTClass4initEmm
                0x000000000008c19c       0x70 /home/salem/catkin_ws/src/interactive_mcu/build/core/core.a(UARTClass.cpp.o)
                0x000000000008c19c                UARTClass::init(unsigned long, unsigned long)
 .text._ZN9UARTClass5beginEm
                0x000000000008c20c        0x8 /home/salem/catkin_ws/src/interactive_mcu/build/core/core.a(UARTClass.cpp.o)
                0x000000000008c20c                UARTClass::begin(unsigned long)
 .text._ZN9UARTClass10IrqHandlerEv
                0x000000000008c214       0x5a /home/salem/catkin_ws/src/interactive_mcu/build/core/core.a(UARTClass.cpp.o)
                0x000000000008c214                UARTClass::IrqHandler()
 .text._ZN10USARTClass5beginEm
                0x000000000008c26e        0x8 /home/salem/catkin_ws/src/interactive_mcu/build/core/core.a(USARTClass.cpp.o)
                0x000000000008c26e                USARTClass::begin(unsigned long)
 *fill*         0x000000000008c276        0x2 
 .text._ZN10USARTClassC2EP5Usart4IRQnmP10RingBufferS4_
                0x000000000008c278       0x24 /home/salem/catkin_ws/src/interactive_mcu/build/core/core.a(USARTClass.cpp.o)
                0x000000000008c278                USARTClass::USARTClass(Usart*, IRQn, unsigned long, RingBuffer*, RingBuffer*)
                0x000000000008c278                USARTClass::USARTClass(Usart*, IRQn, unsigned long, RingBuffer*, RingBuffer*)
 .text.initVariant
                0x000000000008c29c        0x2 /home/salem/catkin_ws/src/interactive_mcu/build/core/core.a(main.cpp.o)
                0x000000000008c29c                initVariant
 *fill*         0x000000000008c29e        0x2 
 .text.startup.main
                0x000000000008c2a0       0x38 /home/salem/catkin_ws/src/interactive_mcu/build/core/core.a(main.cpp.o)
                0x000000000008c2a0                main
 .text._watchdogDefaultSetup
                0x000000000008c2d8        0xc /home/salem/catkin_ws/src/interactive_mcu/build/core/core.a(watchdog.cpp.o)
                0x000000000008c2d8                watchdogSetup()
                0x000000000008c2d8                _watchdogDefaultSetup
 .text.unlikely._ZL11USB_SendZlpv
                0x000000000008c2e4       0x20 /home/salem/catkin_ws/src/interactive_mcu/build/core/core.a(USBCore.cpp.o)
 .text._Z14USBD_Availablem
                0x000000000008c304       0x2c /home/salem/catkin_ws/src/interactive_mcu/build/core/core.a(USBCore.cpp.o)
                0x000000000008c304                USBD_Available(unsigned long)
 .text._Z9USBD_RecvmPvm
                0x000000000008c330       0x7c /home/salem/catkin_ws/src/interactive_mcu/build/core/core.a(USBCore.cpp.o)
                0x000000000008c330                USBD_Recv(unsigned long, void*, unsigned long)
 .text._Z9USBD_Recvm
                0x000000000008c3ac       0x22 /home/salem/catkin_ws/src/interactive_mcu/build/core/core.a(USBCore.cpp.o)
                0x000000000008c3ac                USBD_Recv(unsigned long)
 *fill*         0x000000000008c3ce        0x2 
 .text._Z9USBD_SendmPKvm
                0x000000000008c3d0       0x4c /home/salem/catkin_ws/src/interactive_mcu/build/core/core.a(USBCore.cpp.o)
                0x000000000008c3d0                USBD_Send(unsigned long, void const*, unsigned long)
 .text._Z16USBD_SendControlhPKvm
                0x000000000008c41c       0x40 /home/salem/catkin_ws/src/interactive_mcu/build/core/core.a(USBCore.cpp.o)
                0x000000000008c41c                USBD_SendControl(unsigned char, void const*, unsigned long)
 .text.unlikely._ZL24USB_SendStringDescriptorPKhi
                0x000000000008c45c       0x64 /home/salem/catkin_ws/src/interactive_mcu/build/core/core.a(USBCore.cpp.o)
 .text._Z16USBD_RecvControlPvm
                0x000000000008c4c0       0x1c /home/salem/catkin_ws/src/interactive_mcu/build/core/core.a(USBCore.cpp.o)
                0x000000000008c4c0                USBD_RecvControl(void*, unsigned long)
 .text._Z26USBD_ClassInterfaceRequestR8USBSetup
                0x000000000008c4dc       0x1e /home/salem/catkin_ws/src/interactive_mcu/build/core/core.a(USBCore.cpp.o)
                0x000000000008c4dc                USBD_ClassInterfaceRequest(USBSetup&)
 .text._Z19USBD_SendInterfacesv
                0x000000000008c4fa       0x22 /home/salem/catkin_ws/src/interactive_mcu/build/core/core.a(USBCore.cpp.o)
                0x000000000008c4fa                USBD_SendInterfaces()
 .text._Z24USBD_SendOtherInterfacesv
                0x000000000008c51c       0x22 /home/salem/catkin_ws/src/interactive_mcu/build/core/core.a(USBCore.cpp.o)
                0x000000000008c51c                USBD_SendOtherInterfaces()
 .text._Z10USBD_Flushm
                0x000000000008c53e       0x16 /home/salem/catkin_ws/src/interactive_mcu/build/core/core.a(USBCore.cpp.o)
                0x000000000008c53e                USBD_Flush(unsigned long)
 .text._ZN10USBDevice_C2Ev
                0x000000000008c554       0x24 /home/salem/catkin_ws/src/interactive_mcu/build/core/core.a(USBCore.cpp.o)
                0x000000000008c554                USBDevice_::USBDevice_()
                0x000000000008c554                USBDevice_::USBDevice_()
 .text._ZN10USBDevice_6attachEv
                0x000000000008c578       0x20 /home/salem/catkin_ws/src/interactive_mcu/build/core/core.a(USBCore.cpp.o)
                0x000000000008c578                USBDevice_::attach()
 .text.startup._GLOBAL__sub_I_EndPoints
                0x000000000008c598        0xc /home/salem/catkin_ws/src/interactive_mcu/build/core/core.a(USBCore.cpp.o)
 .text._ZL7USB_ISRv
                0x000000000008c5a4      0x454 /home/salem/catkin_ws/src/interactive_mcu/build/core/core.a(USBCore.cpp.o)
 .text._ZN7Serial_9availableEv
                0x000000000008c9f8       0x18 /home/salem/catkin_ws/src/interactive_mcu/build/core/core.a(CDC.cpp.o)
                0x000000000008c9f8                Serial_::available()
 .text._ZN7Serial_17availableForWriteEv
                0x000000000008ca10        0x6 /home/salem/catkin_ws/src/interactive_mcu/build/core/core.a(CDC.cpp.o)
                0x000000000008ca10                Serial_::availableForWrite()
 *fill*         0x000000000008ca16        0x2 
 .text._ZN7Serial_4peekEv
                0x000000000008ca18       0x20 /home/salem/catkin_ws/src/interactive_mcu/build/core/core.a(CDC.cpp.o)
                0x000000000008ca18                Serial_::peek()
 .text._ZN7Serial_5writeEh
                0x000000000008ca38       0x16 /home/salem/catkin_ws/src/interactive_mcu/build/core/core.a(CDC.cpp.o)
                0x000000000008ca38                Serial_::write(unsigned char)
 *fill*         0x000000000008ca4e        0x2 
 .text._ZN7Serial_4readEv
                0x000000000008ca50       0x44 /home/salem/catkin_ws/src/interactive_mcu/build/core/core.a(CDC.cpp.o)
                0x000000000008ca50                Serial_::read()
 .text._ZN7Serial_5flushEv
                0x000000000008ca94        0x6 /home/salem/catkin_ws/src/interactive_mcu/build/core/core.a(CDC.cpp.o)
                0x000000000008ca94                Serial_::flush()
 *fill*         0x000000000008ca9a        0x2 
 .text._ZN7Serial_6acceptEv
                0x000000000008ca9c       0x70 /home/salem/catkin_ws/src/interactive_mcu/build/core/core.a(CDC.cpp.o)
                0x000000000008ca9c                Serial_::accept()
 .text._ZN7Serial_5writeEPKhj
                0x000000000008cb0c       0x2c /home/salem/catkin_ws/src/interactive_mcu/build/core/core.a(CDC.cpp.o)
                0x000000000008cb0c                Serial_::write(unsigned char const*, unsigned int)
 .text._Z16CDC_GetInterfacePh
                0x000000000008cb38       0x14 /home/salem/catkin_ws/src/interactive_mcu/build/core/core.a(CDC.cpp.o)
                0x000000000008cb38                CDC_GetInterface(unsigned char*)
 .text._Z21CDC_GetOtherInterfacePh
                0x000000000008cb4c       0x14 /home/salem/catkin_ws/src/interactive_mcu/build/core/core.a(CDC.cpp.o)
                0x000000000008cb4c                CDC_GetOtherInterface(unsigned char*)
 .text._Z9CDC_SetupR8USBSetup
                0x000000000008cb60       0x78 /home/salem/catkin_ws/src/interactive_mcu/build/core/core.a(CDC.cpp.o)
                0x000000000008cb60                CDC_Setup(USBSetup&)
 .text.startup._GLOBAL__sub_I_cdc_rx_buffer
                0x000000000008cbd8       0x1c /home/salem/catkin_ws/src/interactive_mcu/build/core/core.a(CDC.cpp.o)
 .text._ZN13PluggableUSB_12getInterfaceEPh
                0x000000000008cbf4       0x28 /home/salem/catkin_ws/src/interactive_mcu/build/core/core.a(PluggableUSB.cpp.o)
                0x000000000008cbf4                PluggableUSB_::getInterface(unsigned char*)
 .text._ZN13PluggableUSB_13getDescriptorER8USBSetup
                0x000000000008cc1c       0x1c /home/salem/catkin_ws/src/interactive_mcu/build/core/core.a(PluggableUSB.cpp.o)
                0x000000000008cc1c                PluggableUSB_::getDescriptor(USBSetup&)
 .text._ZN13PluggableUSB_12getShortNameEPc
                0x000000000008cc38       0x1c /home/salem/catkin_ws/src/interactive_mcu/build/core/core.a(PluggableUSB.cpp.o)
                0x000000000008cc38                PluggableUSB_::getShortName(char*)
 .text._ZN13PluggableUSB_5setupER8USBSetup
                0x000000000008cc54       0x20 /home/salem/catkin_ws/src/interactive_mcu/build/core/core.a(PluggableUSB.cpp.o)
                0x000000000008cc54                PluggableUSB_::setup(USBSetup&)
 .text._Z12PluggableUSBv
                0x000000000008cc74       0x28 /home/salem/catkin_ws/src/interactive_mcu/build/core/core.a(PluggableUSB.cpp.o)
                0x000000000008cc74                PluggableUSB()
 .text.FindClockConfiguration
                0x000000000008cc9c       0x7c /home/salem/.arduino15/packages/arduino/hardware/sam/1.6.12/variants/arduino_due_x/libsam_sam3x8e_gcc_rel.a(pwmc.o)
 .text.PWMC_ConfigureChannel
                0x000000000008cd18       0x60 /home/salem/.arduino15/packages/arduino/hardware/sam/1.6.12/variants/arduino_due_x/libsam_sam3x8e_gcc_rel.a(pwmc.o)
                0x000000000008cd18                PWMC_ConfigureChannel
 .text.PWMC_ConfigureClocks
                0x000000000008cd78       0x54 /home/salem/.arduino15/packages/arduino/hardware/sam/1.6.12/variants/arduino_due_x/libsam_sam3x8e_gcc_rel.a(pwmc.o)
                0x000000000008cd78                PWMC_ConfigureClocks
 .text.PWMC_SetPeriod
                0x000000000008cdcc       0x1a /home/salem/.arduino15/packages/arduino/hardware/sam/1.6.12/variants/arduino_due_x/libsam_sam3x8e_gcc_rel.a(pwmc.o)
                0x000000000008cdcc                PWMC_SetPeriod
 *fill*         0x000000000008cde6        0x2 
 .text.PWMC_SetDutyCycle
                0x000000000008cde8       0x44 /home/salem/.arduino15/packages/arduino/hardware/sam/1.6.12/variants/arduino_due_x/libsam_sam3x8e_gcc_rel.a(pwmc.o)
                0x000000000008cde8                PWMC_SetDutyCycle
 .text.PWMC_EnableChannel
                0x000000000008ce2c        0xa /home/salem/.arduino15/packages/arduino/hardware/sam/1.6.12/variants/arduino_due_x/libsam_sam3x8e_gcc_rel.a(pwmc.o)
                0x000000000008ce2c                PWMC_EnableChannel
 *fill*         0x000000000008ce36        0x2 
 .text.TimeTick_Increment
                0x000000000008ce38       0x10 /home/salem/.arduino15/packages/arduino/hardware/sam/1.6.12/variants/arduino_due_x/libsam_sam3x8e_gcc_rel.a(timetick.o)
                0x000000000008ce38                TimeTick_Increment
 .text.GetTickCount
                0x000000000008ce48        0xc /home/salem/.arduino15/packages/arduino/hardware/sam/1.6.12/variants/arduino_due_x/libsam_sam3x8e_gcc_rel.a(timetick.o)
                0x000000000008ce48                GetTickCount
 .text.WDT_Disable
                0x000000000008ce54        0x8 /home/salem/.arduino15/packages/arduino/hardware/sam/1.6.12/variants/arduino_due_x/libsam_sam3x8e_gcc_rel.a(wdt.o)
                0x000000000008ce54                WDT_Disable
 .text.UDD_SetStack